[transformers] PyTorch was not found. Models won't be available and only tokenizers, configuration and file/data utilities can be used.
[transformers] Token indices sequence length is longer than the specified maximum sequence length for this model (355065 > 262144). Running this sequence through the model will result in indexing errors
chatbot-1282026-0 [128000, 128051, 128092]
chatbot-1282026-1 [128000, 128035, 128075]
chatbot-1282026-2 [128000, 128051, 128092]
chatbot-1282026-3 [128000, 128035, 128075]
chatbot-1282026-4 [128000, 128051, 128092]
chatbot-1282026-5 [128000, 128035, 128075]
chatbot-1282026-6 [128000, 128051, 128092]
chatbot-1282026-7 [128000, 128035, 128075]
chatbot-1282026-8 [128000, 128051, 128092]
chatbot-1282026-9 [128000, 128035, 128075]
chatbot-1282026-10 [128000, 128051, 128092]
chatbot-1282026-11 [128000, 128035, 128075]
chatbot-1282026-12 [128000, 128051, 128092]
chatbot-1282026-13 [128000, 128035, 128075]
chatbot-1282026-14 [128000, 128051, 128092]
chatbot-1282026-15 [128000, 128035, 128075]
chatbot-1282026-16 [128000, 128051, 128092]
chatbot-1282026-17 [128000, 128035, 128075]
chatbot-1282026-18 [128000, 128051, 128092]
chatbot-1282026-19 [128000, 128035, 128075]
chatbot-1282026-20 [128000, 128051, 128092]
chatbot-1282026-21 [128000, 128035, 128075]
chatbot-1282026-22 [128000, 128051, 128092]
chatbot-1282026-23 [128000, 128035, 128075]
chatbot-1282026-24 [128000, 128051, 128092]
chatbot-1282026-25 [128000, 128035, 128075]
chatbot-1282026-26 [128000, 128051, 128092]
chatbot-1282026-27 [128000, 128035, 128075]
chatbot-1282026-28 [128000, 128051, 128092]
chatbot-1282026-29 [128000, 128035, 128075]
chatbot-1282026-30 [128000, 128051, 128092]
chatbot-1282026-31 [128000, 128035, 128075]
