p1 chatbot-8128026-241: success=True valid=True TTFT=10336ms tokens=8192 TPOT=6.65ms coverage=0.9932861328125
p2 chatbot-8128026-66: success=True valid=True TTFT=523ms tokens=8192 TPOT=7.85ms coverage=0.9937744140625
p10 chatbot-8128026-90: success=True valid=True TTFT=3844ms tokens=8192 TPOT=7.44ms coverage=0.9940185546875
p9 chatbot-8128026-169: success=True valid=True TTFT=2250ms tokens=8192 TPOT=7.64ms coverage=0.9935302734375
p4 chatbot-8128026-20: success=True valid=True TTFT=3762ms tokens=8192 TPOT=7.45ms coverage=0.994140625
p7 chatbot-8128026-39: success=True valid=True TTFT=7934ms tokens=8192 TPOT=6.94ms coverage=0.9931640625
p14 chatbot-8128026-30: success=True valid=True TTFT=7461ms tokens=8192 TPOT=7.00ms coverage=0.9935302734375
p13 chatbot-8128026-157: success=True valid=True TTFT=3285ms tokens=8192 TPOT=7.51ms coverage=0.99365234375
p6 chatbot-8128026-230: success=True valid=True TTFT=2968ms tokens=8192 TPOT=7.55ms coverage=0.993408203125
p2 chatbot-8128026-2: success=True valid=True TTFT=7061ms tokens=8192 TPOT=7.05ms coverage=0.9931640625
p0 chatbot-8128026-0: success=True valid=True TTFT=682ms tokens=8192 TPOT=7.83ms coverage=0.9931640625
p11 chatbot-8128026-171: success=True valid=True TTFT=4946ms tokens=8192 TPOT=7.31ms coverage=0.99365234375
p10 chatbot-8128026-138: success=True valid=True TTFT=4632ms tokens=8192 TPOT=7.35ms coverage=0.9940185546875
p4 chatbot-8128026-196: success=True valid=True TTFT=1934ms tokens=8192 TPOT=7.68ms coverage=0.993408203125
p12 chatbot-8128026-204: success=True valid=True TTFT=2090ms tokens=8192 TPOT=7.66ms coverage=0.993896484375
p14 chatbot-8128026-238: success=True valid=True TTFT=4001ms tokens=8192 TPOT=7.42ms coverage=0.993408203125
p1 chatbot-8128026-1: success=True valid=True TTFT=210ms tokens=8192 TPOT=7.89ms coverage=0.993896484375
p3 chatbot-8128026-35: success=True valid=True TTFT=1307ms tokens=8192 TPOT=7.75ms coverage=0.99365234375p15 chatbot-8128026-207: success=True valid=True TTFT=9386ms tokens=8192 TPOT=6.77ms coverage=0.9931640625

p7 chatbot-8128026-199: success=True valid=True TTFT=1620ms tokens=8192 TPOT=7.71ms coverage=0.9932861328125
p13 chatbot-8128026-189: success=True valid=True TTFT=4475ms tokens=8192 TPOT=7.37ms coverage=0.9935302734375
p6 chatbot-8128026-102: success=True valid=True TTFT=1464ms tokens=8192 TPOT=7.73ms coverage=0.9935302734375
p4 chatbot-8128026-164: success=True valid=True TTFT=7214ms tokens=8192 TPOT=7.03ms coverage=0.9931640625
p0 chatbot-8128026-112: success=True valid=True TTFT=5419ms tokens=8192 TPOT=7.25ms coverage=0.993408203125
p7 chatbot-8128026-119: success=True valid=True TTFT=836ms tokens=8192 TPOT=7.81ms coverage=0.993896484375
p14 chatbot-8128026-78: success=True valid=True TTFT=3128ms tokens=8192 TPOT=7.53ms coverage=0.9935302734375
p10 chatbot-8128026-74: success=True valid=True TTFT=8403ms tokens=8192 TPOT=6.89ms coverage=0.993408203125
p1 chatbot-8128026-113: success=True valid=True TTFT=992ms tokens=8192 TPOT=7.79ms coverage=0.993408203125
p11 chatbot-8128026-139: success=True valid=True TTFT=6899ms tokens=8192 TPOT=7.07ms coverage=0.9931640625
p12 chatbot-8128026-220: success=True valid=True TTFT=7614ms tokens=8192 TPOT=6.98ms coverage=0.9931640625
p6 chatbot-8128026-54: success=True valid=True TTFT=3603ms tokens=8192 TPOT=7.47ms coverage=0.99365234375
p13 chatbot-8128026-45: success=True valid=True TTFT=6114ms tokens=8192 TPOT=7.17ms coverage=0.992431640625
p7 chatbot-8128026-23: success=True valid=True TTFT=6273ms tokens=8192 TPOT=7.15ms coverage=0.992919921875
p0 chatbot-8128026-16: success=True valid=True TTFT=1150ms tokens=8192 TPOT=7.77ms coverage=0.9935302734375
p15 chatbot-8128026-175: success=True valid=True TTFT=4316ms tokens=8192 TPOT=7.38ms coverage=0.9937744140625
p10 chatbot-8128026-202: success=True valid=True TTFT=9863ms tokens=8192 TPOT=6.71ms coverage=0.9931640625
p12 chatbot-8128026-236: success=True valid=True TTFT=5951ms tokens=8192 TPOT=7.19ms coverage=0.9932861328125
p1 chatbot-8128026-33: success=True valid=True TTFT=3446ms tokens=8192 TPOT=7.49ms coverage=0.99365234375
p4 chatbot-8128026-132: success=True valid=True TTFT=10656ms tokens=8192 TPOT=6.61ms coverage=0.99365234375
p3 chatbot-8128026-195: success=True valid=True TTFT=2808ms tokens=8192 TPOT=7.57ms coverage=0.993896484375
p13 chatbot-8128026-13: success=True valid=True TTFT=6588ms tokens=8192 TPOT=7.11ms coverage=0.993896484375
p0 chatbot-8128026-96: success=True valid=True TTFT=7374ms tokens=8192 TPOT=7.01ms coverage=0.9930419921875
p7 chatbot-8128026-151: success=True valid=True TTFT=10022ms tokens=8192 TPOT=6.69ms coverage=0.9927978515625
p1 chatbot-8128026-17: success=True valid=True TTFT=367ms tokens=8192 TPOT=7.87ms coverage=0.99365234375
p4 chatbot-8128026-116: success=True valid=True TTFT=9226ms tokens=8192 TPOT=6.79ms coverage=0.9937744140625
p10 chatbot-8128026-250: success=True valid=True TTFT=10813ms tokens=8192 TPOT=6.59ms coverage=0.9927978515625
p15 chatbot-8128026-223: success=True valid=True TTFT=4158ms tokens=8192 TPOT=7.40ms coverage=0.99365234375p3 chatbot-8128026-99: success=True valid=True TTFT=5263ms tokens=8192 TPOT=7.27ms coverage=0.9932861328125

p11 chatbot-8128026-203: success=True valid=True TTFT=9545ms tokens=8192 TPOT=6.75ms coverage=0.993896484375
p0 chatbot-8128026-160: success=True valid=True TTFT=1777ms tokens=8192 TPOT=7.69ms coverage=0.9937744140625
p12 chatbot-8128026-172: success=True valid=True TTFT=10179ms tokens=8192 TPOT=6.67ms coverage=0.9935302734375
p7 chatbot-8128026-135: success=True valid=True TTFT=10975ms tokens=8192 TPOT=6.57ms coverage=0.9932861328125
p13 chatbot-8128026-173: success=True valid=True TTFT=10497ms tokens=8192 TPOT=6.63ms coverage=0.992919921875
p1 chatbot-8128026-145: success=True valid=True TTFT=11057ms tokens=8192 TPOT=6.56ms coverage=0.9935302734375
p10 chatbot-8128026-10: success=True valid=True TTFT=6746ms tokens=8192 TPOT=7.09ms coverage=0.9932861328125
p14 chatbot-8128026-142: success=True valid=True TTFT=9704ms tokens=8192 TPOT=6.73ms coverage=0.993896484375
p3 chatbot-8128026-211: success=True valid=True TTFT=4788ms tokens=8192 TPOT=7.33ms coverage=0.9931640625
p7 chatbot-8128026-55: success=True valid=True TTFT=8090ms tokens=8192 TPOT=6.93ms coverage=0.9931640625
p11 chatbot-8128026-11: success=True valid=True TTFT=6431ms tokens=8192 TPOT=7.13ms coverage=0.9930419921875
p5 chatbot-8128026-197: success=True valid=True TTFT=5103ms tokens=8192 TPOT=7.29ms coverage=0.99365234375
p0 chatbot-8128026-48: success=True valid=True TTFT=8247ms tokens=8192 TPOT=6.91ms coverage=0.9940185546875
p3 chatbot-8128026-3: success=True valid=True TTFT=7778ms tokens=8192 TPOT=6.97ms coverage=0.9927978515625
p1 chatbot-8128026-81: success=True valid=True TTFT=9070ms tokens=8192 TPOT=6.81ms coverage=0.993408203125
p8 chatbot-8128026-168: success=True valid=True TTFT=8910ms tokens=8192 TPOT=6.83ms coverage=0.993408203125
p15 chatbot-8128026-95: success=True valid=True TTFT=1010ms tokens=8192 TPOT=7.85ms coverage=0.984375
p8 chatbot-8128026-232: success=True valid=True TTFT=1797ms tokens=8192 TPOT=7.75ms coverage=0.9844970703125
p2 chatbot-8128026-130: success=True valid=True TTFT=2114ms tokens=8192 TPOT=7.71ms coverage=0.984375
p13 chatbot-8128026-29: success=True valid=True TTFT=222ms tokens=8192 TPOT=7.94ms coverage=0.9844970703125
p11 chatbot-8128026-107: success=True valid=True TTFT=1327ms tokens=8192 TPOT=7.81ms coverage=0.9840087890625
p5 chatbot-8128026-181: success=True valid=True TTFT=4340ms tokens=8192 TPOT=7.44ms coverage=0.98486328125
p6 chatbot-8128026-86: success=True valid=True TTFT=1485ms tokens=8192 TPOT=7.79ms coverage=0.9844970703125
p9 chatbot-8128026-153: success=True valid=True TTFT=1956ms tokens=8192 TPOT=7.73ms coverage=0.9847412109375
p4 chatbot-8128026-180: success=True valid=True TTFT=4498ms tokens=8192 TPOT=7.42ms coverage=0.9847412109375
p0 chatbot-8128026-128: success=True valid=True TTFT=5447ms tokens=8192 TPOT=7.31ms coverage=0.98388671875
p15 chatbot-8128026-79: success=True valid=True TTFT=3779ms tokens=8192 TPOT=7.51ms coverage=0.984619140625
p3 chatbot-8128026-67: success=True valid=True TTFT=5290ms tokens=8192 TPOT=7.32ms coverage=0.9842529296875
p6 chatbot-8128026-6: success=True valid=True TTFT=541ms tokens=8192 TPOT=7.90ms coverage=0.9847412109375
p0 chatbot-8128026-192: success=True valid=True TTFT=4025ms tokens=8192 TPOT=7.48ms coverage=0.98486328125
p9 chatbot-8128026-233: success=True valid=True TTFT=1640ms tokens=8192 TPOT=7.77ms coverage=0.9852294921875
p4 chatbot-8128026-84: success=True valid=True TTFT=6185ms tokens=8192 TPOT=7.22ms coverage=0.984375
p2 chatbot-8128026-34: success=True valid=True TTFT=3142ms tokens=8192 TPOT=7.59ms coverage=0.9847412109375
p8 chatbot-8128026-72: success=True valid=True TTFT=6660ms tokens=8192 TPOT=7.16ms coverage=0.9840087890625
p14 chatbot-8128026-254: success=True valid=True TTFT=4813ms tokens=8192 TPOT=7.38ms coverage=0.9847412109375
p13 chatbot-8128026-205: success=True valid=True TTFT=2978ms tokens=8192 TPOT=7.61ms coverage=0.984375
p12 chatbot-8128026-140: success=True valid=True TTFT=2818ms tokens=8192 TPOT=7.63ms coverage=0.985107421875
p1 chatbot-8128026-225: success=True valid=True TTFT=4655ms tokens=8192 TPOT=7.40ms coverage=0.9847412109375
p7 chatbot-8128026-247: success=True valid=True TTFT=4972ms tokens=8192 TPOT=7.36ms coverage=0.984619140625
p6 chatbot-8128026-198: success=True valid=True TTFT=4183ms tokens=8192 TPOT=7.46ms coverage=0.9852294921875
p11 chatbot-8128026-91: success=True valid=True TTFT=853ms tokens=8192 TPOT=7.87ms coverage=0.9847412109375
p10 chatbot-8128026-42: success=True valid=True TTFT=1169ms tokens=8192 TPOT=7.83ms coverage=0.984619140625
p9 chatbot-8128026-9: success=True valid=True TTFT=7546ms tokens=8192 TPOT=7.05ms coverage=0.9840087890625
p0 chatbot-8128026-144: success=True valid=True TTFT=3863ms tokens=8192 TPOT=7.50ms coverage=0.984375
p12 chatbot-8128026-76: success=True valid=True TTFT=8332ms tokens=8192 TPOT=6.95ms coverage=0.984130859375
p2 chatbot-8128026-210: success=True valid=True TTFT=8015ms tokens=8192 TPOT=6.99ms coverage=0.984130859375
p14 chatbot-8128026-62: success=True valid=True TTFT=696ms tokens=8192 TPOT=7.89ms coverage=0.9847412109375
p8 chatbot-8128026-184: success=True valid=True TTFT=7858ms tokens=8192 TPOT=7.01ms coverage=0.9837646484375
p13 chatbot-8128026-141: success=True valid=True TTFT=2272ms tokens=8192 TPOT=7.69ms coverage=0.9842529296875
p15 chatbot-8128026-15: success=True valid=True TTFT=5135ms tokens=8192 TPOT=7.34ms coverage=0.984130859375
p1 chatbot-8128026-65: success=True valid=True TTFT=3459ms tokens=8192 TPOT=7.55ms coverage=0.9844970703125
p9 chatbot-8128026-25: success=True valid=True TTFT=3621ms tokens=8192 TPOT=7.53ms coverage=0.9844970703125
p4 chatbot-8128026-244: success=True valid=True TTFT=10138ms tokens=8192 TPOT=6.73ms coverage=0.984130859375
p11 chatbot-8128026-75: success=True valid=True TTFT=6502ms tokens=8192 TPOT=7.18ms coverage=0.984130859375
p2 chatbot-8128026-18: success=True valid=True TTFT=7301ms tokens=8192 TPOT=7.08ms coverage=0.984130859375
p8 chatbot-8128026-120: success=True valid=True TTFT=6026ms tokens=8192 TPOT=7.23ms coverage=0.9844970703125
p12 chatbot-8128026-92: success=True valid=True TTFT=7139ms tokens=8192 TPOT=7.10ms coverage=0.9840087890625
p14 chatbot-8128026-126: success=True valid=True TTFT=6979ms tokens=8192 TPOT=7.12ms coverage=0.983642578125
p13 chatbot-8128026-109: success=True valid=True TTFT=9509ms tokens=8192 TPOT=6.81ms coverage=0.983642578125
p1 chatbot-8128026-129: success=True valid=True TTFT=8173ms tokens=8192 TPOT=6.97ms coverage=0.984130859375
p2 chatbot-8128026-50: success=True valid=True TTFT=6345ms tokens=8192 TPOT=7.20ms coverage=0.9840087890625
p11 chatbot-8128026-123: success=True valid=True TTFT=6818ms tokens=8192 TPOT=7.14ms coverage=0.9842529296875
p8 chatbot-8128026-8: success=True valid=True TTFT=383ms tokens=8192 TPOT=7.92ms coverage=0.9842529296875
p15 chatbot-8128026-239: success=True valid=True TTFT=10936ms tokens=8192 TPOT=6.64ms coverage=0.98388671875
p14 chatbot-8128026-94: success=True valid=True TTFT=3300ms tokens=8192 TPOT=7.57ms coverage=0.984619140625
p10 chatbot-8128026-234: success=True valid=True TTFT=11096ms tokens=8192 TPOT=6.62ms coverage=0.98486328125
p7 chatbot-8128026-167: success=True valid=True TTFT=10462ms tokens=8192 TPOT=6.70ms coverage=0.9840087890625
p12 chatbot-8128026-252: success=True valid=True TTFT=9821ms tokens=8192 TPOT=6.77ms coverage=0.98388671875
p8 chatbot-8128026-40: success=True valid=True TTFT=7702ms tokens=8192 TPOT=7.03ms coverage=0.984130859375
p11 chatbot-8128026-27: success=True valid=True TTFT=8494ms tokens=8192 TPOT=6.94ms coverage=0.9844970703125
p1 chatbot-8128026-97: success=True valid=True TTFT=8649ms tokens=8192 TPOT=6.92ms coverage=0.983642578125
p12 chatbot-8128026-156: success=True valid=True TTFT=10619ms tokens=8192 TPOT=6.68ms coverage=0.98388671875
p15 chatbot-8128026-111: success=True valid=True TTFT=9666ms tokens=8192 TPOT=6.79ms coverage=0.9842529296875
p13 chatbot-8128026-125: success=True valid=True TTFT=7458ms tokens=8192 TPOT=7.06ms coverage=0.984130859375
p6 chatbot-8128026-214: success=True valid=True TTFT=10299ms tokens=8192 TPOT=6.72ms coverage=0.984130859375
p1 chatbot-8128026-209: success=True valid=True TTFT=9981ms tokens=8192 TPOT=6.75ms coverage=0.9847412109375
p2 chatbot-8128026-194: success=True valid=True TTFT=9349ms tokens=8192 TPOT=6.83ms coverage=0.9842529296875
p12 chatbot-8128026-188: success=True valid=True TTFT=10777ms tokens=8192 TPOT=6.66ms coverage=0.9842529296875
p13 chatbot-8128026-77: success=True valid=True TTFT=8808ms tokens=8192 TPOT=6.90ms coverage=0.9844970703125
p2 chatbot-8128026-242: success=True valid=True TTFT=11180ms tokens=8192 TPOT=6.61ms coverage=0.9837646484375
p14 chatbot-8128026-46: success=True valid=True TTFT=208ms tokens=8192 TPOT=8.00ms coverage=0.9893798828125
p9 chatbot-8128026-73: success=True valid=True TTFT=681ms tokens=8192 TPOT=7.94ms coverage=0.9891357421875p12 chatbot-8128026-108: success=True valid=True TTFT=1305ms tokens=8192 TPOT=7.87ms coverage=0.989013671875

p5 chatbot-8128026-213: success=True valid=True TTFT=1833ms tokens=8192 TPOT=7.80ms coverage=0.9886474609375
p10 chatbot-8128026-186: success=True valid=True TTFT=1621ms tokens=8192 TPOT=7.83ms coverage=0.9888916015625
p2 chatbot-8128026-82: success=True valid=True TTFT=5124ms tokens=8192 TPOT=7.40ms coverage=0.989013671875
p8 chatbot-8128026-24: success=True valid=True TTFT=369ms tokens=8192 TPOT=7.98ms coverage=0.9888916015625
p15 chatbot-8128026-63: success=True valid=True TTFT=993ms tokens=8192 TPOT=7.90ms coverage=0.989013671875
p0 chatbot-8128026-240: success=True valid=True TTFT=4650ms tokens=8192 TPOT=7.46ms coverage=0.989013671875
p6 chatbot-8128026-22: success=True valid=True TTFT=526ms tokens=8192 TPOT=7.96ms coverage=0.989013671875
p11 chatbot-8128026-235: success=True valid=True TTFT=2146ms tokens=8192 TPOT=7.76ms coverage=0.989013671875
p4 chatbot-8128026-52: success=True valid=True TTFT=3629ms tokens=8192 TPOT=7.58ms coverage=0.989013671875
p12 chatbot-8128026-60: success=True valid=True TTFT=2465ms tokens=8192 TPOT=7.72ms coverage=0.98876953125
p2 chatbot-8128026-114: success=True valid=True TTFT=836ms tokens=8192 TPOT=7.92ms coverage=0.9891357421875
p3 chatbot-8128026-163: success=True valid=True TTFT=4337ms tokens=8192 TPOT=7.50ms coverage=0.9891357421875
p10 chatbot-8128026-106: success=True valid=True TTFT=2992ms tokens=8192 TPOT=7.66ms coverage=0.9891357421875
p9 chatbot-8128026-249: success=True valid=True TTFT=4807ms tokens=8192 TPOT=7.44ms coverage=0.9891357421875
p4 chatbot-8128026-228: success=True valid=True TTFT=4023ms tokens=8192 TPOT=7.53ms coverage=0.98828125
p2 chatbot-8128026-226: success=True valid=True TTFT=1989ms tokens=8192 TPOT=7.78ms coverage=0.9892578125
p10 chatbot-8128026-58: success=True valid=True TTFT=3312ms tokens=8192 TPOT=7.62ms coverage=0.9888916015625
p9 chatbot-8128026-105: success=True valid=True TTFT=3869ms tokens=8192 TPOT=7.55ms coverage=0.989013671875
p0 chatbot-8128026-64: success=True valid=True TTFT=5281ms tokens=8192 TPOT=7.38ms coverage=0.9893798828125
p4 chatbot-8128026-4: success=True valid=True TTFT=6091ms tokens=8192 TPOT=7.28ms coverage=0.9886474609375
p11 chatbot-8128026-43: success=True valid=True TTFT=9512ms tokens=8192 TPOT=6.87ms coverage=0.9886474609375
p6 chatbot-8128026-182: success=True valid=True TTFT=4965ms tokens=8192 TPOT=7.42ms coverage=0.9891357421875
p9 chatbot-8128026-201: success=True valid=True TTFT=2305ms tokens=8192 TPOT=7.74ms coverage=0.9891357421875
p14 chatbot-8128026-190: success=True valid=True TTFT=8209ms tokens=8192 TPOT=7.02ms coverage=0.989013671875
p13 chatbot-8128026-61: success=True valid=True TTFT=3470ms tokens=8192 TPOT=7.60ms coverage=0.9891357421875
p2 chatbot-8128026-178: success=True valid=True TTFT=4494ms tokens=8192 TPOT=7.48ms coverage=0.9888916015625
p5 chatbot-8128026-69: success=True valid=True TTFT=5930ms tokens=8192 TPOT=7.30ms coverage=0.9891357421875
p1 chatbot-8128026-49: success=True valid=True TTFT=6244ms tokens=8192 TPOT=7.26ms coverage=0.988525390625
p15 chatbot-8128026-255: success=True valid=True TTFT=7581ms tokens=8192 TPOT=7.10ms coverage=0.9884033203125
p10 chatbot-8128026-26: success=True valid=True TTFT=1151ms tokens=8192 TPOT=7.89ms coverage=0.9893798828125
p9 chatbot-8128026-57: success=True valid=True TTFT=1466ms tokens=8192 TPOT=7.85ms coverage=0.9891357421875
p0 chatbot-8128026-32: success=True valid=True TTFT=7741ms tokens=8192 TPOT=7.08ms coverage=0.988525390625
p8 chatbot-8128026-56: success=True valid=True TTFT=7898ms tokens=8192 TPOT=7.06ms coverage=0.988525390625
p11 chatbot-8128026-59: success=True valid=True TTFT=7029ms tokens=8192 TPOT=7.17ms coverage=0.98876953125
p4 chatbot-8128026-36: success=True valid=True TTFT=8054ms tokens=8192 TPOT=7.04ms coverage=0.989013671875
p14 chatbot-8128026-222: success=True valid=True TTFT=10455ms tokens=8192 TPOT=6.75ms coverage=0.98876953125
p13 chatbot-8128026-253: success=True valid=True TTFT=7425ms tokens=8192 TPOT=7.12ms coverage=0.98828125
p12 chatbot-8128026-44: success=True valid=True TTFT=8525ms tokens=8192 TPOT=6.99ms coverage=0.9881591796875
p10 chatbot-8128026-170: success=True valid=True TTFT=9034ms tokens=8192 TPOT=6.92ms coverage=0.9888916015625
p0 chatbot-8128026-224: success=True valid=True TTFT=7341ms tokens=8192 TPOT=7.13ms coverage=0.9886474609375
p5 chatbot-8128026-149: success=True valid=True TTFT=3151ms tokens=8192 TPOT=7.64ms coverage=0.9892578125
p11 chatbot-8128026-219: success=True valid=True TTFT=6554ms tokens=8192 TPOT=7.23ms coverage=0.988525390625
p14 chatbot-8128026-158: success=True valid=True TTFT=7185ms tokens=8192 TPOT=7.15ms coverage=0.9884033203125
p5 chatbot-8128026-53: success=True valid=True TTFT=5439ms tokens=8192 TPOT=7.36ms coverage=0.9886474609375
p9 chatbot-8128026-41: success=True valid=True TTFT=9354ms tokens=8192 TPOT=6.89ms coverage=0.9881591796875
p13 chatbot-8128026-221: success=True valid=True TTFT=9192ms tokens=8192 TPOT=6.91ms coverage=0.9881591796875
p12 chatbot-8128026-12: success=True valid=True TTFT=8370ms tokens=8192 TPOT=7.01ms coverage=0.9888916015625
p0 chatbot-8128026-208: success=True valid=True TTFT=6396ms tokens=8192 TPOT=7.24ms coverage=0.9891357421875
p10 chatbot-8128026-122: success=True valid=True TTFT=9669ms tokens=8192 TPOT=6.85ms coverage=0.988525390625
p1 chatbot-8128026-161: success=True valid=True TTFT=10931ms tokens=8192 TPOT=6.69ms coverage=0.98876953125
p5 chatbot-8128026-245: success=True valid=True TTFT=6869ms tokens=8192 TPOT=7.19ms coverage=0.989013671875
p7 chatbot-8128026-231: success=True valid=True TTFT=11013ms tokens=8192 TPOT=6.68ms coverage=0.9886474609375
p11 chatbot-8128026-155: success=True valid=True TTFT=4181ms tokens=8192 TPOT=7.52ms coverage=0.9886474609375
p9 chatbot-8128026-137: success=True valid=True TTFT=10298ms tokens=8192 TPOT=6.77ms coverage=0.9886474609375
p4 chatbot-8128026-100: success=True valid=True TTFT=3785ms tokens=8192 TPOT=7.56ms coverage=0.9886474609375
p3 chatbot-8128026-243: success=True valid=True TTFT=10611ms tokens=8192 TPOT=6.73ms coverage=0.9886474609375
p6 chatbot-8128026-246: success=True valid=True TTFT=10138ms tokens=8192 TPOT=6.79ms coverage=0.9888916015625
p9 chatbot-8128026-185: success=True valid=True TTFT=6712ms tokens=8192 TPOT=7.21ms coverage=0.98876953125
p11 chatbot-8128026-251: success=True valid=True TTFT=10770ms tokens=8192 TPOT=6.71ms coverage=0.9884033203125
p3 chatbot-8128026-147: success=True valid=True TTFT=9825ms tokens=8192 TPOT=6.83ms coverage=0.989013671875
p9 chatbot-8128026-217: success=True valid=True TTFT=9982ms tokens=8192 TPOT=6.81ms coverage=0.9886474609375
p9 chatbot-8128026-89: success=True valid=True TTFT=7508ms tokens=8192 TPOT=7.21ms coverage=0.9814453125
p8 chatbot-8128026-104: success=True valid=True TTFT=6470ms tokens=8192 TPOT=7.34ms coverage=0.9810791015625
p5 chatbot-8128026-165: success=True valid=True TTFT=2241ms tokens=8192 TPOT=7.86ms coverage=0.9813232421875
p0 chatbot-8128026-176: success=True valid=True TTFT=1768ms tokens=8192 TPOT=7.91ms coverage=0.9814453125
p13 chatbot-8128026-93: success=True valid=True TTFT=2558ms tokens=8192 TPOT=7.82ms coverage=0.9813232421875
p6 chatbot-8128026-70: success=True valid=True TTFT=513ms tokens=8192 TPOT=8.07ms coverage=0.9814453125
p7 chatbot-8128026-183: success=True valid=True TTFT=1927ms tokens=8192 TPOT=7.89ms coverage=0.9822998046875
p4 chatbot-8128026-212: success=True valid=True TTFT=3982ms tokens=8192 TPOT=7.64ms coverage=0.98095703125
p3 chatbot-8128026-51: success=True valid=True TTFT=827ms tokens=8192 TPOT=8.03ms coverage=0.98193359375
p9 chatbot-8128026-121: success=True valid=True TTFT=3585ms tokens=8192 TPOT=7.69ms coverage=0.981201171875
p8 chatbot-8128026-248: success=True valid=True TTFT=2082ms tokens=8192 TPOT=7.87ms coverage=0.9815673828125
p1 chatbot-8128026-177: success=True valid=True TTFT=5096ms tokens=8192 TPOT=7.51ms coverage=0.981201171875
p6 chatbot-8128026-118: success=True valid=True TTFT=5412ms tokens=8192 TPOT=7.47ms coverage=0.98095703125
p7 chatbot-8128026-7: success=True valid=True TTFT=3271ms tokens=8192 TPOT=7.73ms coverage=0.9813232421875
p5 chatbot-8128026-117: success=True valid=True TTFT=669ms tokens=8192 TPOT=8.05ms coverage=0.981689453125
p14 chatbot-8128026-110: success=True valid=True TTFT=355ms tokens=8192 TPOT=8.09ms coverage=0.981689453125
p2 chatbot-8128026-146: success=True valid=True TTFT=6628ms tokens=8192 TPOT=7.32ms coverage=0.9814453125
p8 chatbot-8128026-200: success=True valid=True TTFT=4622ms tokens=8192 TPOT=7.56ms coverage=0.981689453125
p12 chatbot-8128026-28: success=True valid=True TTFT=1455ms tokens=8192 TPOT=7.95ms coverage=0.981689453125
p15 chatbot-8128026-159: success=True valid=True TTFT=4465ms tokens=8192 TPOT=7.58ms coverage=0.9814453125
p0 chatbot-8128026-80: success=True valid=True TTFT=8294ms tokens=8192 TPOT=7.12ms coverage=0.9814453125
p6 chatbot-8128026-166: success=True valid=True TTFT=4304ms tokens=8192 TPOT=7.60ms coverage=0.981689453125
p13 chatbot-8128026-237: success=True valid=True TTFT=6785ms tokens=8192 TPOT=7.30ms coverage=0.9810791015625
p3 chatbot-8128026-227: success=True valid=True TTFT=4144ms tokens=8192 TPOT=7.62ms coverage=0.981201171875
p7 chatbot-8128026-87: success=True valid=True TTFT=3427ms tokens=8192 TPOT=7.71ms coverage=0.981689453125
p5 chatbot-8128026-229: success=True valid=True TTFT=2397ms tokens=8192 TPOT=7.84ms coverage=0.981201171875
p8 chatbot-8128026-136: success=True valid=True TTFT=4938ms tokens=8192 TPOT=7.53ms coverage=0.9818115234375
p2 chatbot-8128026-98: success=True valid=True TTFT=982ms tokens=8192 TPOT=8.01ms coverage=0.9815673828125
p12 chatbot-8128026-124: success=True valid=True TTFT=7104ms tokens=8192 TPOT=7.26ms coverage=0.981689453125
p11 chatbot-8128026-187: success=True valid=True TTFT=8451ms tokens=8192 TPOT=7.10ms coverage=0.980224609375
p15 chatbot-8128026-31: success=True valid=True TTFT=5571ms tokens=8192 TPOT=7.45ms coverage=0.981201171875
p5 chatbot-8128026-85: success=True valid=True TTFT=3827ms tokens=8192 TPOT=7.66ms coverage=0.9815673828125
p14 chatbot-8128026-174: success=True valid=True TTFT=1612ms tokens=8192 TPOT=7.93ms coverage=0.9815673828125
p7 chatbot-8128026-103: success=True valid=True TTFT=1297ms tokens=8192 TPOT=7.97ms coverage=0.9813232421875
p8 chatbot-8128026-152: success=True valid=True TTFT=5254ms tokens=8192 TPOT=7.49ms coverage=0.9815673828125
p2 chatbot-8128026-162: success=True valid=True TTFT=7263ms tokens=8192 TPOT=7.24ms coverage=0.9815673828125
p3 chatbot-8128026-115: success=True valid=True TTFT=3107ms tokens=8192 TPOT=7.75ms coverage=0.981201171875
p15 chatbot-8128026-47: success=True valid=True TTFT=1140ms tokens=8192 TPOT=7.99ms coverage=0.9818115234375
p8 chatbot-8128026-88: success=True valid=True TTFT=5728ms tokens=8192 TPOT=7.43ms coverage=0.9810791015625
p14 chatbot-8128026-206: success=True valid=True TTFT=8136ms tokens=8192 TPOT=7.14ms coverage=0.9810791015625
p5 chatbot-8128026-5: success=True valid=True TTFT=198ms tokens=8192 TPOT=8.11ms coverage=0.9815673828125
p15 chatbot-8128026-127: success=True valid=True TTFT=7664ms tokens=8192 TPOT=7.19ms coverage=0.9818115234375
p7 chatbot-8128026-215: success=True valid=True TTFT=10140ms tokens=8192 TPOT=6.89ms coverage=0.9810791015625
p15 chatbot-8128026-191: success=True valid=True TTFT=10933ms tokens=8192 TPOT=6.80ms coverage=0.98095703125
p5 chatbot-8128026-37: success=True valid=True TTFT=4783ms tokens=8192 TPOT=7.55ms coverage=0.9818115234375
p8 chatbot-8128026-216: success=True valid=True TTFT=8926ms tokens=8192 TPOT=7.04ms coverage=0.9808349609375
p6 chatbot-8128026-38: success=True valid=True TTFT=3744ms tokens=8192 TPOT=7.68ms coverage=0.9815673828125
p4 chatbot-8128026-68: success=True valid=True TTFT=8771ms tokens=8192 TPOT=7.06ms coverage=0.981201171875
p3 chatbot-8128026-19: success=True valid=True TTFT=9511ms tokens=8192 TPOT=6.97ms coverage=0.9810791015625
p10 chatbot-8128026-218: success=True valid=True TTFT=10775ms tokens=8192 TPOT=6.82ms coverage=0.98095703125
p5 chatbot-8128026-21: success=True valid=True TTFT=6314ms tokens=8192 TPOT=7.36ms coverage=0.980712890625
p6 chatbot-8128026-150: success=True valid=True TTFT=7978ms tokens=8192 TPOT=7.16ms coverage=0.98095703125
p3 chatbot-8128026-83: success=True valid=True TTFT=8612ms tokens=8192 TPOT=7.08ms coverage=0.9810791015625
p6 chatbot-8128026-134: success=True valid=True TTFT=9983ms tokens=8192 TPOT=6.91ms coverage=0.9808349609375
p7 chatbot-8128026-71: success=True valid=True TTFT=7425ms tokens=8192 TPOT=7.23ms coverage=0.9815673828125
p1 chatbot-8128026-193: success=True valid=True TTFT=7820ms tokens=8192 TPOT=7.18ms coverage=0.9810791015625
p4 chatbot-8128026-148: success=True valid=True TTFT=11094ms tokens=8192 TPOT=6.78ms coverage=0.9818115234375
p15 chatbot-8128026-143: success=True valid=True TTFT=10617ms tokens=8192 TPOT=6.84ms coverage=0.9813232421875
p10 chatbot-8128026-154: success=True valid=True TTFT=9825ms tokens=8192 TPOT=6.93ms coverage=0.9803466796875
p5 chatbot-8128026-133: success=True valid=True TTFT=10300ms tokens=8192 TPOT=6.87ms coverage=0.98095703125
p3 chatbot-8128026-131: success=True valid=True TTFT=11178ms tokens=8192 TPOT=6.77ms coverage=0.9813232421875
p5 chatbot-8128026-101: success=True valid=True TTFT=9667ms tokens=8192 TPOT=6.95ms coverage=0.9810791015625
p14 chatbot-8128026-14: success=True valid=True TTFT=6949ms tokens=8192 TPOT=7.28ms coverage=0.9810791015625
p3 chatbot-8128026-179: success=True valid=True TTFT=10457ms tokens=8192 TPOT=6.86ms coverage=0.9810791015625
{
  "valid_measurements": 256,
  "requests": 256,
  "duration_s": 66.63303425299819,
  "output_throughput_tps": 31473.15777392559,
  "steady_decode_tps": 35100.35238234606,
  "ttft_ms_p50": 5509.183540998492,
  "tpot_ms_p50": 7.313908347515394,
  "itl_ms_p50": 6.331054210662842,
  "itl_ms_p99": 8.780389785766602,
  "server_itl_ms_p50": 6.460743916357476,
  "itl_token_coverage": 0.9869904518127441
}
Results: pilots/20261001T134422Z-d36878c3
