p8 chatbot-8128026-40: success=True valid=True TTFT=2235ms tokens=8192 TPOT=4.60ms coverage=0.9998779296875p7 chatbot-8128026-39: success=True valid=True TTFT=2987ms tokens=8192 TPOT=4.51ms coverage=1.0

p4 chatbot-8128026-4: success=True valid=True TTFT=191ms tokens=8192 TPOT=4.85ms coverage=1.0p10 chatbot-8128026-42: success=True valid=True TTFT=1449ms tokens=8192 TPOT=4.70ms coverage=1.0

p12 chatbot-8128026-28: success=True valid=True TTFT=347ms tokens=8192 TPOT=4.83ms coverage=1.0
p2 chatbot-8128026-2: success=True valid=True TTFT=1294ms tokens=8192 TPOT=4.72ms coverage=1.0
p8 chatbot-8128026-56: success=True valid=True TTFT=1920ms tokens=8192 TPOT=4.64ms coverage=1.0
p4 chatbot-8128026-36: success=True valid=True TTFT=978ms tokens=8192 TPOT=4.75ms coverage=1.0
p12 chatbot-8128026-12: success=True valid=True TTFT=1608ms tokens=8192 TPOT=4.68ms coverage=1.0
p0 chatbot-8128026-48: success=True valid=True TTFT=821ms tokens=8192 TPOT=4.77ms coverage=1.0
p14 chatbot-8128026-62: success=True valid=True TTFT=1136ms tokens=8192 TPOT=4.73ms coverage=1.0
p6 chatbot-8128026-38: success=True valid=True TTFT=1763ms tokens=8192 TPOT=4.66ms coverage=1.0
p4 chatbot-8128026-20: success=True valid=True TTFT=661ms tokens=8192 TPOT=4.79ms coverage=1.0
p2 chatbot-8128026-18: success=True valid=True TTFT=2078ms tokens=8192 TPOT=4.62ms coverage=1.0
p12 chatbot-8128026-60: success=True valid=True TTFT=505ms tokens=8192 TPOT=4.81ms coverage=1.0
p6 chatbot-8128026-54: success=True valid=True TTFT=2392ms tokens=8192 TPOT=4.58ms coverage=0.9998779296875
p6 chatbot-8128026-22: success=True valid=True TTFT=974ms tokens=8192 TPOT=4.85ms coverage=1.0
p8 chatbot-8128026-8: success=True valid=True TTFT=345ms tokens=8192 TPOT=4.93ms coverage=1.0p2 chatbot-8128026-50: success=True valid=True TTFT=500ms tokens=8192 TPOT=4.91ms coverage=1.0

p10 chatbot-8128026-58: success=True valid=True TTFT=2807ms tokens=8192 TPOT=4.63ms coverage=1.0
p0 chatbot-8128026-32: success=True valid=True TTFT=1445ms tokens=8192 TPOT=4.80ms coverage=1.0
p9 chatbot-8128026-9: success=True valid=True TTFT=1132ms tokens=8192 TPOT=4.83ms coverage=1.0
p3 chatbot-8128026-19: success=True valid=True TTFT=1918ms tokens=8192 TPOT=4.74ms coverage=1.0
p5 chatbot-8128026-37: success=True valid=True TTFT=1603ms tokens=8192 TPOT=4.78ms coverage=1.0
p11 chatbot-8128026-43: success=True valid=True TTFT=2955ms tokens=8192 TPOT=4.61ms coverage=1.0
p0 chatbot-8128026-0: success=True valid=True TTFT=1290ms tokens=8192 TPOT=4.82ms coverage=1.0
p1 chatbot-8128026-1: success=True valid=True TTFT=185ms tokens=8192 TPOT=4.95ms coverage=1.0
p15 chatbot-8128026-15: success=True valid=True TTFT=2235ms tokens=8192 TPOT=4.70ms coverage=1.0
p5 chatbot-8128026-21: success=True valid=True TTFT=1761ms tokens=8192 TPOT=4.76ms coverage=1.0
p1 chatbot-8128026-17: success=True valid=True TTFT=2075ms tokens=8192 TPOT=4.72ms coverage=1.0
p5 chatbot-8128026-53: success=True valid=True TTFT=814ms tokens=8192 TPOT=4.87ms coverage=1.0
p15 chatbot-8128026-47: success=True valid=True TTFT=660ms tokens=8192 TPOT=4.89ms coverage=1.0
p2 chatbot-8128026-34: success=True valid=True TTFT=2081ms tokens=8192 TPOT=4.73ms coverage=1.0
p1 chatbot-8128026-33: success=True valid=True TTFT=823ms tokens=8192 TPOT=4.89ms coverage=1.0
p0 chatbot-8128026-16: success=True valid=True TTFT=1608ms tokens=8192 TPOT=4.79ms coverage=1.0p14 chatbot-8128026-30: success=True valid=True TTFT=980ms tokens=8192 TPOT=4.87ms coverage=1.0

p6 chatbot-8128026-6: success=True valid=True TTFT=199ms tokens=8192 TPOT=4.96ms coverage=1.0
p9 chatbot-8128026-25: success=True valid=True TTFT=1135ms tokens=8192 TPOT=4.85ms coverage=1.0
p3 chatbot-8128026-35: success=True valid=True TTFT=2867ms tokens=8192 TPOT=4.64ms coverage=1.0
p12 chatbot-8128026-44: success=True valid=True TTFT=1923ms tokens=8192 TPOT=4.75ms coverage=1.0
p8 chatbot-8128026-24: success=True valid=True TTFT=1292ms tokens=8192 TPOT=4.83ms coverage=1.0
p10 chatbot-8128026-10: success=True valid=True TTFT=1767ms tokens=8192 TPOT=4.77ms coverage=1.0
p14 chatbot-8128026-14: success=True valid=True TTFT=513ms tokens=8192 TPOT=4.93ms coverage=1.0
p4 chatbot-8128026-52: success=True valid=True TTFT=667ms tokens=8192 TPOT=4.91ms coverage=1.0
p7 chatbot-8128026-23: success=True valid=True TTFT=3024ms tokens=8192 TPOT=4.62ms coverage=1.0
p13 chatbot-8128026-61: success=True valid=True TTFT=1449ms tokens=8192 TPOT=4.81ms coverage=1.0
p14 chatbot-8128026-46: success=True valid=True TTFT=2239ms tokens=8192 TPOT=4.72ms coverage=1.0
p10 chatbot-8128026-26: success=True valid=True TTFT=355ms tokens=8192 TPOT=4.95ms coverage=1.0
p5 chatbot-8128026-5: success=True valid=True TTFT=201ms tokens=8192 TPOT=5.04ms coverage=1.0
p7 chatbot-8128026-55: success=True valid=True TTFT=3056ms tokens=8192 TPOT=4.69ms coverage=1.0p3 chatbot-8128026-3: success=True valid=True TTFT=1303ms tokens=8192 TPOT=4.90ms coverage=1.0

p13 chatbot-8128026-45: success=True valid=True TTFT=513ms tokens=8192 TPOT=5.00ms coverage=1.0
p15 chatbot-8128026-63: success=True valid=True TTFT=1934ms tokens=8192 TPOT=4.83ms coverage=1.0p1 chatbot-8128026-49: success=True valid=True TTFT=1143ms tokens=8192 TPOT=4.92ms coverage=1.0

p13 chatbot-8128026-13: success=True valid=True TTFT=358ms tokens=8192 TPOT=5.02ms coverage=1.0
p9 chatbot-8128026-57: success=True valid=True TTFT=2091ms tokens=8192 TPOT=4.81ms coverage=1.0
p11 chatbot-8128026-27: success=True valid=True TTFT=829ms tokens=8192 TPOT=4.96ms coverage=1.0
p11 chatbot-8128026-59: success=True valid=True TTFT=1775ms tokens=8192 TPOT=4.85ms coverage=1.0
p3 chatbot-8128026-51: success=True valid=True TTFT=986ms tokens=8192 TPOT=4.94ms coverage=1.0
p15 chatbot-8128026-31: success=True valid=True TTFT=1461ms tokens=8192 TPOT=4.88ms coverage=1.0
p11 chatbot-8128026-11: success=True valid=True TTFT=2903ms tokens=8192 TPOT=4.71ms coverage=1.0
p9 chatbot-8128026-41: success=True valid=True TTFT=671ms tokens=8192 TPOT=4.98ms coverage=1.0
p7 chatbot-8128026-7: success=True valid=True TTFT=2250ms tokens=8192 TPOT=4.79ms coverage=1.0
p13 chatbot-8128026-29: success=True valid=True TTFT=1619ms tokens=8192 TPOT=4.86ms coverage=1.0
{
  "valid_measurements": 64,
  "requests": 64,
  "duration_s": 41.47989380899526,
  "output_throughput_tps": 12639.569484295638,
  "steady_decode_tps": 13340.666759654816,
  "ttft_ms_p50": 1374.165859000641,
  "tpot_ms_p50": 4.809217240934961,
  "itl_ms_p50": 4.508266925811768,
  "itl_ms_p99": 5.578985691070557,
  "server_itl_ms_p50": 4.523761783839706,
  "itl_token_coverage": 0.9999961853027344
}
Results: pilots/20261001T134240Z-fcdbfee9
