p2 chatbot-8128026-2: success=True valid=True TTFT=382ms tokens=256 TPOT=3.73ms coverage=1.0
p2 chatbot-8128026-6: success=True valid=True TTFT=218ms tokens=256 TPOT=4.37ms coverage=1.0
p3 chatbot-8128026-3: success=True valid=True TTFT=359ms tokens=256 TPOT=3.84ms coverage=1.0p1 chatbot-8128026-1: success=True valid=True TTFT=191ms tokens=256 TPOT=4.49ms coverage=1.0

p3 chatbot-8128026-7: success=True valid=True TTFT=206ms tokens=256 TPOT=4.56ms coverage=1.0
p1 chatbot-8128026-5: success=True valid=True TTFT=415ms tokens=256 TPOT=3.74ms coverage=1.0
p0 chatbot-8128026-4: success=True valid=True TTFT=1991ms tokens=256 TPOT=3.78ms coverage=1.0
p0 chatbot-8128026-0: success=True valid=True TTFT=197ms tokens=256 TPOT=10.82ms coverage=1.0
{
  "valid_measurements": 8,
  "requests": 8,
  "duration_s": 2.9660843160090735,
  "output_throughput_tps": 690.4726170278346,
  "steady_decode_tps": null,
  "ttft_ms_p50": 288.23622100026114,
  "tpot_ms_p50": 4.103752813734543,
  "itl_ms_p50": 3.728870391845703,
  "itl_ms_p99": 5.2830705642700195,
  "server_itl_ms_p50": 3.5293811752470097,
  "itl_token_coverage": 1.0
}
Results: pilots/20261001T160739Z-60106bd4
