p14 chatbot-8128026-14: success=True valid=True TTFT=513ms tokens=8192 TPOT=6.01ms coverage=1.0
p0 chatbot-8128026-64: success=True valid=True TTFT=2233ms tokens=8192 TPOT=5.80ms coverage=1.0
p9 chatbot-8128026-89: success=True valid=True TTFT=1604ms tokens=8192 TPOT=5.87ms coverage=1.0
p2 chatbot-8128026-114: success=True valid=True TTFT=2075ms tokens=8192 TPOT=5.82ms coverage=1.0
p4 chatbot-8128026-84: success=True valid=True TTFT=1135ms tokens=8192 TPOT=5.93ms coverage=1.0
p9 chatbot-8128026-73: success=True valid=True TTFT=1448ms tokens=8192 TPOT=5.89ms coverage=1.0
p15 chatbot-8128026-15: success=True valid=True TTFT=198ms tokens=8192 TPOT=6.05ms coverage=1.0
p13 chatbot-8128026-13: success=True valid=True TTFT=355ms tokens=8192 TPOT=6.03ms coverage=1.0
p0 chatbot-8128026-48: success=True valid=True TTFT=4258ms tokens=8192 TPOT=5.55ms coverage=1.0
p2 chatbot-8128026-18: success=True valid=True TTFT=668ms tokens=8192 TPOT=5.99ms coverage=1.0
p7 chatbot-8128026-119: success=True valid=True TTFT=4724ms tokens=8192 TPOT=5.49ms coverage=1.0
p2 chatbot-8128026-98: success=True valid=True TTFT=5194ms tokens=8192 TPOT=5.44ms coverage=1.0
p5 chatbot-8128026-37: success=True valid=True TTFT=1291ms tokens=8192 TPOT=5.91ms coverage=1.0
p1 chatbot-8128026-33: success=True valid=True TTFT=1762ms tokens=8192 TPOT=5.85ms coverage=1.0
p10 chatbot-8128026-26: success=True valid=True TTFT=3023ms tokens=8192 TPOT=5.70ms coverage=1.0
p12 chatbot-8128026-124: success=True valid=True TTFT=2545ms tokens=8192 TPOT=5.76ms coverage=1.0
p7 chatbot-8128026-7: success=True valid=True TTFT=4572ms tokens=8192 TPOT=5.51ms coverage=1.0
p14 chatbot-8128026-62: success=True valid=True TTFT=3792ms tokens=8192 TPOT=5.61ms coverage=1.0
p6 chatbot-8128026-54: success=True valid=True TTFT=823ms tokens=8192 TPOT=5.97ms coverage=1.0
p15 chatbot-8128026-79: success=True valid=True TTFT=4102ms tokens=8192 TPOT=5.57ms coverage=1.0
p0 chatbot-8128026-80: success=True valid=True TTFT=3946ms tokens=8192 TPOT=5.59ms coverage=1.0
p13 chatbot-8128026-109: success=True valid=True TTFT=2862ms tokens=8192 TPOT=5.72ms coverage=1.0
p11 chatbot-8128026-75: success=True valid=True TTFT=979ms tokens=8192 TPOT=5.95ms coverage=1.0
p5 chatbot-8128026-101: success=True valid=True TTFT=2388ms tokens=8192 TPOT=5.78ms coverage=1.0
p10 chatbot-8128026-122: success=True valid=True TTFT=2704ms tokens=8192 TPOT=5.74ms coverage=1.0
p8 chatbot-8128026-8: success=True valid=True TTFT=3710ms tokens=8192 TPOT=5.62ms coverage=1.0
p0 chatbot-8128026-16: success=True valid=True TTFT=4414ms tokens=8192 TPOT=5.53ms coverage=1.0
p5 chatbot-8128026-85: success=True valid=True TTFT=4880ms tokens=8192 TPOT=5.47ms coverage=1.0
p11 chatbot-8128026-107: success=True valid=True TTFT=5038ms tokens=8192 TPOT=5.46ms coverage=1.0
p10 chatbot-8128026-42: success=True valid=True TTFT=3551ms tokens=8192 TPOT=5.64ms coverage=1.0
p11 chatbot-8128026-91: success=True valid=True TTFT=5345ms tokens=8192 TPOT=5.42ms coverage=1.0
p10 chatbot-8128026-58: success=True valid=True TTFT=1920ms tokens=8192 TPOT=5.84ms coverage=1.0
p7 chatbot-8128026-23: success=True valid=True TTFT=356ms tokens=8192 TPOT=6.07ms coverage=1.0
p1 chatbot-8128026-1: success=True valid=True TTFT=514ms tokens=8192 TPOT=6.05ms coverage=1.0
p2 chatbot-8128026-2: success=True valid=True TTFT=1928ms tokens=8192 TPOT=5.88ms coverage=1.0
p4 chatbot-8128026-100: success=True valid=True TTFT=2396ms tokens=8192 TPOT=5.82ms coverage=1.0
p9 chatbot-8128026-25: success=True valid=True TTFT=982ms tokens=8192 TPOT=5.99ms coverage=1.0
p11 chatbot-8128026-27: success=True valid=True TTFT=1296ms tokens=8192 TPOT=5.95ms coverage=1.0
p0 chatbot-8128026-96: success=True valid=True TTFT=2555ms tokens=8192 TPOT=5.80ms coverage=1.0
p15 chatbot-8128026-111: success=True valid=True TTFT=4749ms tokens=8192 TPOT=5.53ms coverage=1.0
p12 chatbot-8128026-92: success=True valid=True TTFT=3803ms tokens=8192 TPOT=5.65ms coverage=1.0
p13 chatbot-8128026-29: success=True valid=True TTFT=669ms tokens=8192 TPOT=6.03ms coverage=1.0
p6 chatbot-8128026-70: success=True valid=True TTFT=2714ms tokens=8192 TPOT=5.78ms coverage=1.0
p1 chatbot-8128026-65: success=True valid=True TTFT=2239ms tokens=8192 TPOT=5.84ms coverage=1.0
p2 chatbot-8128026-82: success=True valid=True TTFT=3963ms tokens=8192 TPOT=5.63ms coverage=1.0
p4 chatbot-8128026-36: success=True valid=True TTFT=4278ms tokens=8192 TPOT=5.59ms coverage=1.0
p14 chatbot-8128026-110: success=True valid=True TTFT=5379ms tokens=8192 TPOT=5.45ms coverage=1.0
p11 chatbot-8128026-11: success=True valid=True TTFT=198ms tokens=8192 TPOT=6.09ms coverage=1.0
p7 chatbot-8128026-87: success=True valid=True TTFT=1768ms tokens=8192 TPOT=5.89ms coverage=1.0
p9 chatbot-8128026-105: success=True valid=True TTFT=4906ms tokens=8192 TPOT=5.51ms coverage=1.0p12 chatbot-8128026-76: success=True valid=True TTFT=4592ms tokens=8192 TPOT=5.55ms coverage=1.0

p6 chatbot-8128026-118: success=True valid=True TTFT=5224ms tokens=8192 TPOT=5.47ms coverage=1.0
p3 chatbot-8128026-83: success=True valid=True TTFT=3190ms tokens=8192 TPOT=5.72ms coverage=1.0
p2 chatbot-8128026-34: success=True valid=True TTFT=3033ms tokens=8192 TPOT=5.74ms coverage=1.0
p1 chatbot-8128026-81: success=True valid=True TTFT=1610ms tokens=8192 TPOT=5.91ms coverage=1.0
p5 chatbot-8128026-21: success=True valid=True TTFT=4435ms tokens=8192 TPOT=5.57ms coverage=1.0
p11 chatbot-8128026-123: success=True valid=True TTFT=1136ms tokens=8192 TPOT=5.97ms coverage=1.0
p9 chatbot-8128026-9: success=True valid=True TTFT=4122ms tokens=8192 TPOT=5.61ms coverage=1.0
p13 chatbot-8128026-77: success=True valid=True TTFT=5066ms tokens=8192 TPOT=5.49ms coverage=1.0
p12 chatbot-8128026-28: success=True valid=True TTFT=3349ms tokens=8192 TPOT=5.70ms coverage=1.0
p6 chatbot-8128026-38: success=True valid=True TTFT=2083ms tokens=8192 TPOT=5.86ms coverage=1.0
p13 chatbot-8128026-125: success=True valid=True TTFT=1452ms tokens=8192 TPOT=5.93ms coverage=1.0
p3 chatbot-8128026-19: success=True valid=True TTFT=825ms tokens=8192 TPOT=6.01ms coverage=1.0
p3 chatbot-8128026-3: success=True valid=True TTFT=2876ms tokens=8192 TPOT=5.76ms coverage=1.0
p4 chatbot-8128026-68: success=True valid=True TTFT=2663ms tokens=8192 TPOT=5.85ms coverage=1.0
p8 chatbot-8128026-72: success=True valid=True TTFT=2979ms tokens=8192 TPOT=5.81ms coverage=1.0
p14 chatbot-8128026-78: success=True valid=True TTFT=1251ms tokens=8192 TPOT=6.02ms coverage=1.0
p13 chatbot-8128026-93: success=True valid=True TTFT=2348ms tokens=8192 TPOT=5.89ms coverage=1.0
p15 chatbot-8128026-127: success=True valid=True TTFT=5469ms tokens=8192 TPOT=5.51ms coverage=1.0
p3 chatbot-8128026-67: success=True valid=True TTFT=1879ms tokens=8192 TPOT=5.95ms coverage=1.0
p4 chatbot-8128026-52: success=True valid=True TTFT=2038ms tokens=8192 TPOT=5.93ms coverage=1.0
p12 chatbot-8128026-12: success=True valid=True TTFT=625ms tokens=8192 TPOT=6.10ms coverage=1.0
p8 chatbot-8128026-120: success=True valid=True TTFT=2821ms tokens=8192 TPOT=5.83ms coverage=1.0
p7 chatbot-8128026-71: success=True valid=True TTFT=1723ms tokens=8192 TPOT=5.97ms coverage=1.0
p0 chatbot-8128026-0: success=True valid=True TTFT=468ms tokens=8192 TPOT=6.12ms coverage=1.0
p10 chatbot-8128026-10: success=True valid=True TTFT=3813ms tokens=8192 TPOT=5.71ms coverage=1.0
p6 chatbot-8128026-22: success=True valid=True TTFT=2194ms tokens=8192 TPOT=5.91ms coverage=1.0
p5 chatbot-8128026-69: success=True valid=True TTFT=5150ms tokens=8192 TPOT=5.55ms coverage=1.0
p4 chatbot-8128026-4: success=True valid=True TTFT=4524ms tokens=8192 TPOT=5.62ms coverage=1.0
p8 chatbot-8128026-88: success=True valid=True TTFT=1406ms tokens=8192 TPOT=6.00ms coverage=1.0
p14 chatbot-8128026-30: success=True valid=True TTFT=307ms tokens=8192 TPOT=6.14ms coverage=1.0
p7 chatbot-8128026-39: success=True valid=True TTFT=3139ms tokens=8192 TPOT=5.79ms coverage=1.0
p0 chatbot-8128026-32: success=True valid=True TTFT=1567ms tokens=8192 TPOT=5.98ms coverage=1.0
p8 chatbot-8128026-40: success=True valid=True TTFT=936ms tokens=8192 TPOT=6.06ms coverage=1.0
p7 chatbot-8128026-103: success=True valid=True TTFT=2505ms tokens=8192 TPOT=5.87ms coverage=1.0
p4 chatbot-8128026-20: success=True valid=True TTFT=780ms tokens=8192 TPOT=6.08ms coverage=1.0
p14 chatbot-8128026-46: success=True valid=True TTFT=3297ms tokens=8192 TPOT=5.77ms coverage=1.0
p9 chatbot-8128026-57: success=True valid=True TTFT=3894ms tokens=8192 TPOT=5.70ms coverage=1.0
p12 chatbot-8128026-60: success=True valid=True TTFT=4678ms tokens=8192 TPOT=5.61ms coverage=1.0
p10 chatbot-8128026-90: success=True valid=True TTFT=4834ms tokens=8192 TPOT=5.59ms coverage=1.0
p1 chatbot-8128026-17: success=True valid=True TTFT=4366ms tokens=8192 TPOT=5.64ms coverage=1.0
p9 chatbot-8128026-121: success=True valid=True TTFT=4991ms tokens=8192 TPOT=5.57ms coverage=1.0
p6 chatbot-8128026-102: success=True valid=True TTFT=5308ms tokens=8192 TPOT=5.53ms coverage=1.0
p12 chatbot-8128026-108: success=True valid=True TTFT=4207ms tokens=8192 TPOT=5.66ms coverage=1.0
p8 chatbot-8128026-24: success=True valid=True TTFT=1093ms tokens=8192 TPOT=6.04ms coverage=1.0
p15 chatbot-8128026-63: success=True valid=True TTFT=4052ms tokens=8192 TPOT=5.68ms coverage=1.0
p12 chatbot-8128026-44: success=True valid=True TTFT=1134ms tokens=8192 TPOT=6.09ms coverage=1.0
p3 chatbot-8128026-35: success=True valid=True TTFT=821ms tokens=8192 TPOT=6.13ms coverage=1.0
p1 chatbot-8128026-97: success=True valid=True TTFT=1288ms tokens=8192 TPOT=6.08ms coverage=1.0
p14 chatbot-8128026-126: success=True valid=True TTFT=2385ms tokens=8192 TPOT=5.94ms coverage=1.0
p10 chatbot-8128026-74: success=True valid=True TTFT=3957ms tokens=8192 TPOT=5.75ms coverage=0.9998779296875
p5 chatbot-8128026-117: success=True valid=True TTFT=5053ms tokens=8192 TPOT=5.62ms coverage=1.0p11 chatbot-8128026-43: success=True valid=True TTFT=192ms tokens=8192 TPOT=6.21ms coverage=1.0

p4 chatbot-8128026-116: success=True valid=True TTFT=4583ms tokens=8192 TPOT=5.67ms coverage=1.0
p9 chatbot-8128026-41: success=True valid=True TTFT=1916ms tokens=8192 TPOT=6.00ms coverage=1.0
p8 chatbot-8128026-104: success=True valid=True TTFT=2070ms tokens=8192 TPOT=5.98ms coverage=1.0
p2 chatbot-8128026-66: success=True valid=True TTFT=2703ms tokens=8192 TPOT=5.90ms coverage=0.9998779296875
p7 chatbot-8128026-55: success=True valid=True TTFT=979ms tokens=8192 TPOT=6.11ms coverage=1.0
p13 chatbot-8128026-45: success=True valid=True TTFT=4427ms tokens=8192 TPOT=5.69ms coverage=1.0
p15 chatbot-8128026-47: success=True valid=True TTFT=3800ms tokens=8192 TPOT=5.77ms coverage=0.9998779296875
p1 chatbot-8128026-49: success=True valid=True TTFT=4113ms tokens=8192 TPOT=5.73ms coverage=1.0
p14 chatbot-8128026-94: success=True valid=True TTFT=4896ms tokens=8192 TPOT=5.64ms coverage=1.0
p3 chatbot-8128026-115: success=True valid=True TTFT=2228ms tokens=8192 TPOT=5.96ms coverage=1.0
p3 chatbot-8128026-51: success=True valid=True TTFT=349ms tokens=8192 TPOT=6.19ms coverage=0.9998779296875
p10 chatbot-8128026-106: success=True valid=True TTFT=4740ms tokens=8192 TPOT=5.66ms coverage=1.0
p15 chatbot-8128026-95: success=True valid=True TTFT=5212ms tokens=8192 TPOT=5.60ms coverage=1.0
p6 chatbot-8128026-86: success=True valid=True TTFT=1446ms tokens=8192 TPOT=6.06ms coverage=1.0
p0 chatbot-8128026-112: success=True valid=True TTFT=2543ms tokens=8192 TPOT=5.92ms coverage=1.0p1 chatbot-8128026-113: success=True valid=True TTFT=3714ms tokens=8192 TPOT=5.78ms coverage=1.0

p2 chatbot-8128026-50: success=True valid=True TTFT=1760ms tokens=8192 TPOT=6.02ms coverage=1.0
p3 chatbot-8128026-99: success=True valid=True TTFT=1601ms tokens=8192 TPOT=6.04ms coverage=1.0p5 chatbot-8128026-5: success=True valid=True TTFT=666ms tokens=8192 TPOT=6.15ms coverage=1.0

p13 chatbot-8128026-61: success=True valid=True TTFT=3019ms tokens=8192 TPOT=5.87ms coverage=1.0
p11 chatbot-8128026-59: success=True valid=True TTFT=3177ms tokens=8192 TPOT=5.85ms coverage=1.0
p6 chatbot-8128026-6: success=True valid=True TTFT=2863ms tokens=8192 TPOT=5.88ms coverage=1.0
p15 chatbot-8128026-31: success=True valid=True TTFT=510ms tokens=8192 TPOT=6.17ms coverage=1.0
p8 chatbot-8128026-56: success=True valid=True TTFT=5368ms tokens=8192 TPOT=5.58ms coverage=0.999755859375
p5 chatbot-8128026-53: success=True valid=True TTFT=4269ms tokens=8192 TPOT=5.71ms coverage=0.9998779296875
{
  "valid_measurements": 128,
  "requests": 128,
  "duration_s": 51.08164148200012,
  "output_throughput_tps": 20527.4531040568,
  "steady_decode_tps": 22061.617371862805,
  "ttft_ms_p50": 2682.965846004663,
  "tpot_ms_p50": 5.817008171163159,
  "itl_ms_p50": 5.312362194061279,
  "itl_ms_p99": 7.012630939483643,
  "server_itl_ms_p50": 5.513840762935472,
  "itl_token_coverage": 0.9999933242797852
}
Results: pilots/20261001T134325Z-521a067b
