p2 chatbot-8128026-5: success=True valid=True TTFT=40648ms tokens=2048 TPOT=3.72ms coverage=1.0
p1 chatbot-8128026-4: success=True valid=True TTFT=40994ms tokens=2048 TPOT=3.68ms coverage=1.0
p0 chatbot-8128026-0: success=True valid=True TTFT=40819ms tokens=2048 TPOT=4.00ms coverage=1.0
p1 chatbot-8128026-1: success=True valid=True TTFT=80684ms tokens=2048 TPOT=3.61ms coverage=1.0
p2 chatbot-8128026-2: success=True valid=True TTFT=80846ms tokens=2048 TPOT=3.64ms coverage=1.0
p0 chatbot-8128026-3: success=True valid=True TTFT=81008ms tokens=2048 TPOT=3.62ms coverage=1.0
{
  "valid_measurements": 6,
  "requests": 6,
  "duration_s": 88.43129033599689,
  "output_throughput_tps": 138.95533982724257,
  "steady_decode_tps": null,
  "ttft_ms_p50": 60839.19159899233,
  "tpot_ms_p50": 3.660351590130827,
  "itl_ms_p50": 3.637033462524414,
  "itl_ms_p99": 4.457221984863281,
  "server_itl_ms_p50": 3.544454303460515,
  "itl_token_coverage": 1.0
}
Results: pilots/20261001T164233Z-d3b49f56
