p5 chatbot-8128026-5: success=True valid=True TTFT=543ms tokens=8192 TPOT=4.65ms coverage=1.0
p2 chatbot-8128026-2: success=True valid=True TTFT=382ms tokens=8192 TPOT=4.70ms coverage=1.0
p1 chatbot-8128026-1: success=True valid=True TTFT=221ms tokens=8192 TPOT=4.73ms coverage=1.0
p0 chatbot-8128026-0: success=True valid=True TTFT=1027ms tokens=8192 TPOT=4.66ms coverage=1.0
p3 chatbot-8128026-3: success=True valid=True TTFT=864ms tokens=8192 TPOT=4.70ms coverage=1.0
p4 chatbot-8128026-4: success=True valid=True TTFT=702ms tokens=8192 TPOT=4.73ms coverage=1.0
p10 chatbot-8128026-10: success=True valid=True TTFT=1189ms tokens=8192 TPOT=4.71ms coverage=1.0
p1 chatbot-8128026-33: success=True valid=True TTFT=1348ms tokens=8192 TPOT=4.74ms coverage=1.0
p9 chatbot-8128026-9: success=True valid=True TTFT=1512ms tokens=8192 TPOT=4.73ms coverage=1.0
p2 chatbot-8128026-18: success=True valid=True TTFT=1674ms tokens=8192 TPOT=4.73ms coverage=1.0
p1 chatbot-8128026-17: success=True valid=True TTFT=2389ms tokens=8192 TPOT=4.67ms coverage=1.0
p2 chatbot-8128026-34: success=True valid=True TTFT=2225ms tokens=8192 TPOT=4.70ms coverage=1.0
p12 chatbot-8128026-28: success=True valid=True TTFT=2554ms tokens=8192 TPOT=4.72ms coverage=1.0
p14 chatbot-8128026-30: success=True valid=True TTFT=2714ms tokens=8192 TPOT=4.70ms coverage=1.0
p9 chatbot-8128026-25: success=True valid=True TTFT=2876ms tokens=8192 TPOT=4.69ms coverage=1.0
p12 chatbot-8128026-44: success=True valid=True TTFT=3204ms tokens=8192 TPOT=4.66ms coverage=1.0
p3 chatbot-8128026-19: success=True valid=True TTFT=3037ms tokens=8192 TPOT=4.69ms coverage=1.0
p12 chatbot-8128026-12: success=True valid=True TTFT=3528ms tokens=8192 TPOT=4.66ms coverage=1.0
p10 chatbot-8128026-26: success=True valid=True TTFT=3365ms tokens=8192 TPOT=4.69ms coverage=1.0
p3 chatbot-8128026-35: success=True valid=True TTFT=3848ms tokens=8192 TPOT=4.68ms coverage=1.0
p0 chatbot-8128026-16: success=True valid=True TTFT=4102ms tokens=8192 TPOT=4.65ms coverage=1.0
p9 chatbot-8128026-41: success=True valid=True TTFT=3689ms tokens=8192 TPOT=4.70ms coverage=1.0
p7 chatbot-8128026-23: success=True valid=True TTFT=4263ms tokens=8192 TPOT=4.64ms coverage=1.0
p13 chatbot-8128026-13: success=True valid=True TTFT=3937ms tokens=8192 TPOT=4.70ms coverage=1.0
p15 chatbot-8128026-15: success=True valid=True TTFT=4585ms tokens=8192 TPOT=4.66ms coverage=1.0
p4 chatbot-8128026-36: success=True valid=True TTFT=4746ms tokens=8192 TPOT=4.64ms coverage=1.0
p8 chatbot-8128026-24: success=True valid=True TTFT=4421ms tokens=8192 TPOT=4.68ms coverage=1.0
p7 chatbot-8128026-7: success=True valid=True TTFT=4908ms tokens=8192 TPOT=4.67ms coverage=1.0
p10 chatbot-8128026-42: success=True valid=True TTFT=5755ms tokens=8192 TPOT=4.61ms coverage=1.0
p0 chatbot-8128026-32: success=True valid=True TTFT=5594ms tokens=8192 TPOT=4.63ms coverage=1.0
p6 chatbot-8128026-22: success=True valid=True TTFT=5429ms tokens=8192 TPOT=4.66ms coverage=1.0
p4 chatbot-8128026-20: success=True valid=True TTFT=5916ms tokens=8192 TPOT=4.60ms coverage=1.0
p6 chatbot-8128026-38: success=True valid=True TTFT=6402ms tokens=8192 TPOT=4.59ms coverage=1.0
p11 chatbot-8128026-27: success=True valid=True TTFT=6566ms tokens=8192 TPOT=4.58ms coverage=1.0
p15 chatbot-8128026-47: success=True valid=True TTFT=6082ms tokens=8192 TPOT=4.65ms coverage=1.0
p8 chatbot-8128026-40: success=True valid=True TTFT=6242ms tokens=8192 TPOT=4.64ms coverage=1.0
p15 chatbot-8128026-31: success=True valid=True TTFT=7052ms tokens=8192 TPOT=4.57ms coverage=1.0
p7 chatbot-8128026-39: success=True valid=True TTFT=6726ms tokens=8192 TPOT=4.61ms coverage=1.0
p8 chatbot-8128026-8: success=True valid=True TTFT=6894ms tokens=8192 TPOT=4.61ms coverage=1.0
p6 chatbot-8128026-6: success=True valid=True TTFT=7545ms tokens=8192 TPOT=4.55ms coverage=1.0
p5 chatbot-8128026-21: success=True valid=True TTFT=7216ms tokens=8192 TPOT=4.59ms coverage=1.0
p11 chatbot-8128026-11: success=True valid=True TTFT=7637ms tokens=8192 TPOT=4.54ms coverage=1.0
p5 chatbot-8128026-37: success=True valid=True TTFT=7384ms tokens=8192 TPOT=4.60ms coverage=1.0
p13 chatbot-8128026-29: success=True valid=True TTFT=7798ms tokens=8192 TPOT=4.57ms coverage=1.0
p14 chatbot-8128026-46: success=True valid=True TTFT=8334ms tokens=8192 TPOT=4.55ms coverage=1.0
p14 chatbot-8128026-14: success=True valid=True TTFT=8820ms tokens=8192 TPOT=4.49ms coverage=1.0
p13 chatbot-8128026-45: success=True valid=True TTFT=8497ms tokens=8192 TPOT=4.56ms coverage=1.0
p11 chatbot-8128026-43: success=True valid=True TTFT=8663ms tokens=8192 TPOT=4.55ms coverage=1.0
{
  "valid_measurements": 48,
  "requests": 48,
  "duration_s": 45.983138511990546,
  "output_throughput_tps": 8551.308430099114,
  "steady_decode_tps": 10331.856705836006,
  "ttft_ms_p50": 4341.576877501211,
  "tpot_ms_p50": 4.655875350323097,
  "itl_ms_p50": 4.598153114318848,
  "itl_ms_p99": 5.8824334144592285,
  "server_itl_ms_p50": 4.557440474483329,
  "itl_token_coverage": 1.0
}
Results: pilots/20261001T164543Z-a369b6fa
