p8 chatbot-8128026-40: success=True valid=True TTFT=253ms tokens=8192 TPOT=6.53ms coverage=0.99560546875
p5 chatbot-8128026-21: success=True valid=True TTFT=458ms tokens=8192 TPOT=6.53ms coverage=0.99560546875
p12 chatbot-8128026-28: success=True valid=True TTFT=780ms tokens=8192 TPOT=6.56ms coverage=0.9957275390625
p8 chatbot-8128026-8: success=True valid=True TTFT=619ms tokens=8192 TPOT=6.62ms coverage=0.99609375
p1 chatbot-8128026-17: success=True valid=True TTFT=1271ms tokens=8192 TPOT=6.58ms coverage=0.99560546875
p1 chatbot-8128026-1: success=True valid=True TTFT=948ms tokens=8192 TPOT=6.64ms coverage=0.9959716796875
p12 chatbot-8128026-44: success=True valid=True TTFT=1433ms tokens=8192 TPOT=6.59ms coverage=0.9951171875
p0 chatbot-8128026-16: success=True valid=True TTFT=1105ms tokens=8192 TPOT=6.65ms coverage=0.995849609375
p1 chatbot-8128026-33: success=True valid=True TTFT=1597ms tokens=8192 TPOT=6.60ms coverage=0.99560546875
p12 chatbot-8128026-60: success=True valid=True TTFT=2205ms tokens=8192 TPOT=6.62ms coverage=0.99560546875
p8 chatbot-8128026-152: success=True valid=True TTFT=2539ms tokens=8192 TPOT=6.64ms coverage=0.995361328125
p6 chatbot-8128026-70: success=True valid=True TTFT=2704ms tokens=8192 TPOT=6.64ms coverage=0.995361328125
p2 chatbot-8128026-2: success=True valid=True TTFT=2370ms tokens=8192 TPOT=6.70ms coverage=0.9957275390625
p5 chatbot-8128026-181: success=True valid=True TTFT=2863ms tokens=8192 TPOT=6.65ms coverage=0.99560546875
p13 chatbot-8128026-13: success=True valid=True TTFT=3031ms tokens=8192 TPOT=6.66ms coverage=0.99560546875
p15 chatbot-8128026-63: success=True valid=True TTFT=3358ms tokens=8192 TPOT=6.71ms coverage=0.9951171875
p5 chatbot-8128026-5: success=True valid=True TTFT=3197ms tokens=8192 TPOT=6.75ms coverage=0.9959716796875
p15 chatbot-8128026-79: success=True valid=True TTFT=3851ms tokens=8192 TPOT=6.68ms coverage=0.9957275390625
p2 chatbot-8128026-178: success=True valid=True TTFT=3518ms tokens=8192 TPOT=6.76ms coverage=0.9959716796875
p3 chatbot-8128026-35: success=True valid=True TTFT=3690ms tokens=8192 TPOT=6.77ms coverage=0.995849609375
p9 chatbot-8128026-105: success=True valid=True TTFT=4013ms tokens=8192 TPOT=6.78ms coverage=0.9959716796875
p0 chatbot-8128026-96: success=True valid=True TTFT=4593ms tokens=8192 TPOT=6.72ms coverage=0.99365234375
p10 chatbot-8128026-26: success=True valid=True TTFT=4103ms tokens=8192 TPOT=6.78ms coverage=0.99560546875
p15 chatbot-8128026-191: success=True valid=True TTFT=4750ms tokens=8192 TPOT=6.71ms coverage=0.99267578125
p8 chatbot-8128026-120: success=True valid=True TTFT=4268ms tokens=8192 TPOT=6.78ms coverage=0.9959716796875
p13 chatbot-8128026-109: success=True valid=True TTFT=4433ms tokens=8192 TPOT=6.79ms coverage=0.9959716796875
p11 chatbot-8128026-27: success=True valid=True TTFT=5275ms tokens=8192 TPOT=6.72ms coverage=0.990966796875
p10 chatbot-8128026-122: success=True valid=True TTFT=5441ms tokens=8192 TPOT=6.72ms coverage=0.9912109375
p15 chatbot-8128026-127: success=True valid=True TTFT=5603ms tokens=8192 TPOT=6.73ms coverage=0.990966796875
p9 chatbot-8128026-89: success=True valid=True TTFT=5768ms tokens=8192 TPOT=6.73ms coverage=0.990966796875
p15 chatbot-8128026-143: success=True valid=True TTFT=5958ms tokens=8192 TPOT=6.73ms coverage=0.991455078125
p13 chatbot-8128026-157: success=True valid=True TTFT=6471ms tokens=8192 TPOT=6.74ms coverage=0.990966796875
p10 chatbot-8128026-42: success=True valid=True TTFT=6631ms tokens=8192 TPOT=6.74ms coverage=0.9903564453125
p1 chatbot-8128026-145: success=True valid=True TTFT=6791ms tokens=8192 TPOT=6.74ms coverage=0.9910888671875
p13 chatbot-8128026-173: success=True valid=True TTFT=6959ms tokens=8192 TPOT=6.74ms coverage=0.9912109375
p3 chatbot-8128026-67: success=True valid=True TTFT=7119ms tokens=8192 TPOT=6.74ms coverage=0.99072265625
p14 chatbot-8128026-158: success=True valid=True TTFT=6141ms tokens=8192 TPOT=6.87ms coverage=0.9942626953125
p6 chatbot-8128026-38: success=True valid=True TTFT=6307ms tokens=8192 TPOT=6.86ms coverage=0.993408203125
p6 chatbot-8128026-22: success=True valid=True TTFT=7286ms tokens=8192 TPOT=6.76ms coverage=0.99267578125
p4 chatbot-8128026-52: success=True valid=True TTFT=7448ms tokens=8192 TPOT=6.76ms coverage=0.9930419921875
p1 chatbot-8128026-177: success=True valid=True TTFT=7858ms tokens=8192 TPOT=6.73ms coverage=0.99072265625
p7 chatbot-8128026-23: success=True valid=True TTFT=7774ms tokens=8192 TPOT=6.76ms coverage=0.9930419921875
p0 chatbot-8128026-144: success=True valid=True TTFT=8552ms tokens=8192 TPOT=6.72ms coverage=0.9910888671875
p2 chatbot-8128026-114: success=True valid=True TTFT=7612ms tokens=8192 TPOT=6.85ms coverage=0.990234375
p4 chatbot-8128026-180: success=True valid=True TTFT=8717ms tokens=8192 TPOT=6.77ms coverage=0.9930419921875
p2 chatbot-8128026-82: success=True valid=True TTFT=9039ms tokens=8192 TPOT=6.78ms coverage=0.992919921875
p15 chatbot-8128026-111: success=True valid=True TTFT=8383ms tokens=8192 TPOT=6.86ms coverage=0.990478515625
p15 chatbot-8128026-15: success=True valid=True TTFT=8883ms tokens=8192 TPOT=6.87ms coverage=0.98974609375
p5 chatbot-8128026-101: success=True valid=True TTFT=9206ms tokens=8192 TPOT=6.87ms coverage=0.990478515625
p8 chatbot-8128026-72: success=True valid=True TTFT=10682ms tokens=8192 TPOT=6.70ms coverage=0.990478515625
p12 chatbot-8128026-76: success=True valid=True TTFT=10025ms tokens=8192 TPOT=6.79ms coverage=0.9927978515625
p15 chatbot-8128026-175: success=True valid=True TTFT=9368ms tokens=8192 TPOT=6.87ms coverage=0.98974609375
p0 chatbot-8128026-32: success=True valid=True TTFT=10850ms tokens=8192 TPOT=6.70ms coverage=0.9908447265625
p0 chatbot-8128026-0: success=True valid=True TTFT=9539ms tokens=8192 TPOT=6.87ms coverage=0.9903564453125
p2 chatbot-8128026-130: success=True valid=True TTFT=10185ms tokens=8192 TPOT=6.79ms coverage=0.9925537109375
p0 chatbot-8128026-176: success=True valid=True TTFT=11019ms tokens=8192 TPOT=6.70ms coverage=0.990966796875
p4 chatbot-8128026-36: success=True valid=True TTFT=9700ms tokens=8192 TPOT=6.86ms coverage=0.9901123046875
p2 chatbot-8128026-50: success=True valid=True TTFT=10350ms tokens=8192 TPOT=6.79ms coverage=0.992919921875
p3 chatbot-8128026-131: success=True valid=True TTFT=11184ms tokens=8192 TPOT=6.69ms coverage=0.99072265625
p6 chatbot-8128026-54: success=True valid=True TTFT=9862ms tokens=8192 TPOT=6.86ms coverage=0.9903564453125
p3 chatbot-8128026-3: success=True valid=True TTFT=10517ms tokens=8192 TPOT=6.79ms coverage=0.9932861328125
p6 chatbot-8128026-134: success=True valid=True TTFT=11732ms tokens=8192 TPOT=6.77ms coverage=0.9930419921875
p9 chatbot-8128026-137: success=True valid=True TTFT=11900ms tokens=8192 TPOT=6.77ms coverage=0.992919921875
p13 chatbot-8128026-45: success=True valid=True TTFT=11999ms tokens=8192 TPOT=6.77ms coverage=0.9930419921875
p10 chatbot-8128026-74: success=True valid=True TTFT=12656ms tokens=8192 TPOT=6.76ms coverage=0.9931640625
p1 chatbot-8128026-113: success=True valid=True TTFT=12153ms tokens=8192 TPOT=6.85ms coverage=0.989990234375
p5 chatbot-8128026-37: success=True valid=True TTFT=13647ms tokens=8192 TPOT=6.68ms coverage=0.990966796875
p8 chatbot-8128026-136: success=True valid=True TTFT=12320ms tokens=8192 TPOT=6.85ms coverage=0.9898681640625
p9 chatbot-8128026-169: success=True valid=True TTFT=13145ms tokens=8192 TPOT=6.76ms coverage=0.9927978515625
p2 chatbot-8128026-18: success=True valid=True TTFT=12488ms tokens=8192 TPOT=6.85ms coverage=0.9903564453125
p14 chatbot-8128026-30: success=True valid=True TTFT=13315ms tokens=8192 TPOT=6.76ms coverage=0.9927978515625
p14 chatbot-8128026-46: success=True valid=True TTFT=13982ms tokens=8192 TPOT=6.68ms coverage=0.990966796875
p10 chatbot-8128026-170: success=True valid=True TTFT=13481ms tokens=8192 TPOT=6.76ms coverage=0.9930419921875
p0 chatbot-8128026-112: success=True valid=True TTFT=12820ms tokens=8192 TPOT=6.85ms coverage=0.989501953125
p11 chatbot-8128026-91: success=True valid=True TTFT=14310ms tokens=8192 TPOT=6.67ms coverage=0.9906005859375
p11 chatbot-8128026-59: success=True valid=True TTFT=12985ms tokens=8192 TPOT=6.85ms coverage=0.989990234375
p8 chatbot-8128026-88: success=True valid=True TTFT=14143ms tokens=8192 TPOT=6.74ms coverage=0.9930419921875
p0 chatbot-8128026-80: success=True valid=True TTFT=15019ms tokens=8192 TPOT=6.66ms coverage=0.9910888671875
p7 chatbot-8128026-7: success=True valid=True TTFT=13820ms tokens=8192 TPOT=6.83ms coverage=0.9901123046875
p3 chatbot-8128026-99: success=True valid=True TTFT=15348ms tokens=8192 TPOT=6.65ms coverage=0.990478515625
p5 chatbot-8128026-149: success=True valid=True TTFT=15516ms tokens=8192 TPOT=6.64ms coverage=0.9903564453125
p11 chatbot-8128026-171: success=True valid=True TTFT=15680ms tokens=8192 TPOT=6.64ms coverage=0.9908447265625
p4 chatbot-8128026-148: success=True valid=True TTFT=15184ms tokens=8192 TPOT=6.72ms coverage=0.992919921875
p3 chatbot-8128026-19: success=True valid=True TTFT=14472ms tokens=8192 TPOT=6.82ms coverage=0.989990234375
p14 chatbot-8128026-62: success=True valid=True TTFT=15942ms tokens=8192 TPOT=6.64ms coverage=0.990234375
p9 chatbot-8128026-153: success=True valid=True TTFT=15845ms tokens=8192 TPOT=6.71ms coverage=0.9930419921875
p12 chatbot-8128026-92: success=True valid=True TTFT=16595ms tokens=8192 TPOT=6.63ms coverage=0.9903564453125
p5 chatbot-8128026-85: success=True valid=True TTFT=16769ms tokens=8192 TPOT=6.62ms coverage=0.990966796875
p3 chatbot-8128026-83: success=True valid=True TTFT=16102ms tokens=8192 TPOT=6.70ms coverage=0.9930419921875
p12 chatbot-8128026-108: success=True valid=True TTFT=17095ms tokens=8192 TPOT=6.61ms coverage=0.990478515625
p7 chatbot-8128026-87: success=True valid=True TTFT=16427ms tokens=8192 TPOT=6.70ms coverage=0.9930419921875
p6 chatbot-8128026-102: success=True valid=True TTFT=16929ms tokens=8192 TPOT=6.69ms coverage=0.9930419921875
p4 chatbot-8128026-20: success=True valid=True TTFT=16269ms tokens=8192 TPOT=6.79ms coverage=0.9901123046875
p8 chatbot-8128026-168: success=True valid=True TTFT=17316ms tokens=8192 TPOT=6.68ms coverage=0.9930419921875
p4 chatbot-8128026-68: success=True valid=True TTFT=18387ms tokens=8192 TPOT=6.57ms coverage=0.9906005859375
p14 chatbot-8128026-14: success=True valid=True TTFT=17824ms tokens=8192 TPOT=6.67ms coverage=0.9931640625
p1 chatbot-8128026-65: success=True valid=True TTFT=18931ms tokens=8192 TPOT=6.55ms coverage=0.99072265625
p6 chatbot-8128026-118: success=True valid=True TTFT=19257ms tokens=8192 TPOT=6.55ms coverage=0.990478515625
p14 chatbot-8128026-126: success=True valid=True TTFT=17486ms tokens=8192 TPOT=6.76ms coverage=0.9898681640625
p6 chatbot-8128026-166: success=True valid=True TTFT=17649ms tokens=8192 TPOT=6.76ms coverage=0.9896240234375
p12 chatbot-8128026-188: success=True valid=True TTFT=18596ms tokens=8192 TPOT=6.65ms coverage=0.9925537109375
p2 chatbot-8128026-98: success=True valid=True TTFT=19761ms tokens=8192 TPOT=6.53ms coverage=0.990478515625
p7 chatbot-8128026-135: success=True valid=True TTFT=19091ms tokens=8192 TPOT=6.63ms coverage=0.9927978515625
p9 chatbot-8128026-185: success=True valid=True TTFT=19420ms tokens=8192 TPOT=6.62ms coverage=0.9927978515625
p1 chatbot-8128026-161: success=True valid=True TTFT=18765ms tokens=8192 TPOT=6.75ms coverage=0.9901123046875
p15 chatbot-8128026-47: success=True valid=True TTFT=20013ms tokens=8192 TPOT=6.61ms coverage=0.9925537109375
p4 chatbot-8128026-116: success=True valid=True TTFT=20182ms tokens=8192 TPOT=6.60ms coverage=0.993408203125
p6 chatbot-8128026-6: success=True valid=True TTFT=20352ms tokens=8192 TPOT=6.60ms coverage=0.9927978515625
p1 chatbot-8128026-97: success=True valid=True TTFT=21180ms tokens=8192 TPOT=6.50ms coverage=0.9908447265625
p0 chatbot-8128026-64: success=True valid=True TTFT=20514ms tokens=8192 TPOT=6.59ms coverage=0.9927978515625
p10 chatbot-8128026-90: success=True valid=True TTFT=19589ms tokens=8192 TPOT=6.73ms coverage=0.9898681640625
p5 chatbot-8128026-69: success=True valid=True TTFT=20847ms tokens=8192 TPOT=6.58ms coverage=0.9925537109375
p13 chatbot-8128026-189: success=True valid=True TTFT=21013ms tokens=8192 TPOT=6.58ms coverage=0.992919921875
p8 chatbot-8128026-104: success=True valid=True TTFT=19851ms tokens=8192 TPOT=6.72ms coverage=0.9893798828125
p9 chatbot-8128026-41: success=True valid=True TTFT=21356ms tokens=8192 TPOT=6.56ms coverage=0.9923095703125
p3 chatbot-8128026-51: success=True valid=True TTFT=22240ms tokens=8192 TPOT=6.48ms coverage=0.99072265625
p4 chatbot-8128026-100: success=True valid=True TTFT=22404ms tokens=8192 TPOT=6.48ms coverage=0.990966796875
p13 chatbot-8128026-29: success=True valid=True TTFT=20679ms tokens=8192 TPOT=6.70ms coverage=0.990234375
p8 chatbot-8128026-24: success=True valid=True TTFT=22578ms tokens=8192 TPOT=6.47ms coverage=0.99072265625
p11 chatbot-8128026-107: success=True valid=True TTFT=22735ms tokens=8192 TPOT=6.51ms coverage=0.992431640625
p2 chatbot-8128026-34: success=True valid=True TTFT=22903ms tokens=8192 TPOT=6.50ms coverage=0.9930419921875
p2 chatbot-8128026-162: success=True valid=True TTFT=23611ms tokens=8192 TPOT=6.43ms coverage=0.9906005859375
p5 chatbot-8128026-53: success=True valid=True TTFT=23706ms tokens=8192 TPOT=6.43ms coverage=0.990966796875
p6 chatbot-8128026-182: success=True valid=True TTFT=23281ms tokens=8192 TPOT=6.49ms coverage=0.9925537109375
p13 chatbot-8128026-61: success=True valid=True TTFT=21913ms tokens=8192 TPOT=6.67ms coverage=0.9896240234375
p14 chatbot-8128026-174: success=True valid=True TTFT=22075ms tokens=8192 TPOT=6.67ms coverage=0.989990234375
p11 chatbot-8128026-43: success=True valid=True TTFT=25154ms tokens=8192 TPOT=6.38ms coverage=0.9901123046875
p7 chatbot-8128026-39: success=True valid=True TTFT=23067ms tokens=8192 TPOT=6.64ms coverage=0.9898681640625
p7 chatbot-8128026-119: success=True valid=True TTFT=25345ms tokens=8192 TPOT=6.37ms coverage=0.9908447265625
p11 chatbot-8128026-187: success=True valid=True TTFT=23446ms tokens=8192 TPOT=6.64ms coverage=0.989990234375
p2 chatbot-8128026-146: success=True valid=True TTFT=25510ms tokens=8192 TPOT=6.41ms coverage=0.992431640625
p0 chatbot-8128026-128: success=True valid=True TTFT=23867ms tokens=8192 TPOT=6.63ms coverage=0.989990234375
p7 chatbot-8128026-103: success=True valid=True TTFT=25677ms tokens=8192 TPOT=6.41ms coverage=0.99267578125
p0 chatbot-8128026-48: success=True valid=True TTFT=24083ms tokens=8192 TPOT=6.62ms coverage=0.98974609375
p10 chatbot-8128026-138: success=True valid=True TTFT=24243ms tokens=8192 TPOT=6.61ms coverage=0.9896240234375
p3 chatbot-8128026-179: success=True valid=True TTFT=24407ms tokens=8192 TPOT=6.61ms coverage=0.9898681640625
p12 chatbot-8128026-12: success=True valid=True TTFT=26706ms tokens=8192 TPOT=6.33ms coverage=0.99072265625
p10 chatbot-8128026-10: success=True valid=True TTFT=24571ms tokens=8192 TPOT=6.60ms coverage=0.989990234375
p1 chatbot-8128026-81: success=True valid=True TTFT=26870ms tokens=8192 TPOT=6.33ms coverage=0.9903564453125
p14 chatbot-8128026-190: success=True valid=True TTFT=26537ms tokens=8192 TPOT=6.38ms coverage=0.992919921875
p12 chatbot-8128026-124: success=True valid=True TTFT=27080ms tokens=8192 TPOT=6.32ms coverage=0.9906005859375
p14 chatbot-8128026-78: success=True valid=True TTFT=27569ms tokens=8192 TPOT=6.29ms coverage=0.99072265625
p4 chatbot-8128026-164: success=True valid=True TTFT=27405ms tokens=8192 TPOT=6.34ms coverage=0.9921875
p9 chatbot-8128026-121: success=True valid=True TTFT=25842ms tokens=8192 TPOT=6.56ms coverage=0.9898681640625
p10 chatbot-8128026-154: success=True valid=True TTFT=28386ms tokens=8192 TPOT=6.26ms coverage=0.991455078125
p5 chatbot-8128026-117: success=True valid=True TTFT=26046ms tokens=8192 TPOT=6.55ms coverage=0.989501953125
p13 chatbot-8128026-93: success=True valid=True TTFT=28547ms tokens=8192 TPOT=6.25ms coverage=0.990478515625
p7 chatbot-8128026-71: success=True valid=True TTFT=26214ms tokens=8192 TPOT=6.55ms coverage=0.9901123046875
p9 chatbot-8128026-57: success=True valid=True TTFT=26373ms tokens=8192 TPOT=6.54ms coverage=0.9896240234375
p10 chatbot-8128026-58: success=True valid=True TTFT=29037ms tokens=8192 TPOT=6.22ms coverage=0.9910888671875
p11 chatbot-8128026-139: success=True valid=True TTFT=29202ms tokens=8192 TPOT=6.22ms coverage=0.9908447265625
p5 chatbot-8128026-133: success=True valid=True TTFT=28711ms tokens=8192 TPOT=6.28ms coverage=0.992431640625
p4 chatbot-8128026-84: success=True valid=True TTFT=27245ms tokens=8192 TPOT=6.50ms coverage=0.9892578125
p10 chatbot-8128026-106: success=True valid=True TTFT=29367ms tokens=8192 TPOT=6.25ms coverage=0.9925537109375
p6 chatbot-8128026-86: success=True valid=True TTFT=29534ms tokens=8192 TPOT=6.24ms coverage=0.992919921875
p14 chatbot-8128026-110: success=True valid=True TTFT=30188ms tokens=8192 TPOT=6.17ms coverage=0.990478515625
p9 chatbot-8128026-9: success=True valid=True TTFT=27738ms tokens=8192 TPOT=6.48ms coverage=0.989990234375
p0 chatbot-8128026-160: success=True valid=True TTFT=29858ms tokens=8192 TPOT=6.22ms coverage=0.9927978515625
p12 chatbot-8128026-156: success=True valid=True TTFT=27828ms tokens=8192 TPOT=6.47ms coverage=0.9896240234375
p11 chatbot-8128026-75: success=True valid=True TTFT=30019ms tokens=8192 TPOT=6.22ms coverage=0.992919921875
p7 chatbot-8128026-183: success=True valid=True TTFT=30350ms tokens=8192 TPOT=6.20ms coverage=0.9927978515625
p15 chatbot-8128026-95: success=True valid=True TTFT=30514ms tokens=8192 TPOT=6.19ms coverage=0.992431640625
p6 chatbot-8128026-150: success=True valid=True TTFT=30841ms tokens=8192 TPOT=6.17ms coverage=0.992919921875
p3 chatbot-8128026-115: success=True valid=True TTFT=28875ms tokens=8192 TPOT=6.43ms coverage=0.9898681640625
p13 chatbot-8128026-77: success=True valid=True TTFT=31897ms tokens=8192 TPOT=6.09ms coverage=0.99072265625
p8 chatbot-8128026-184: success=True valid=True TTFT=29696ms tokens=8192 TPOT=6.38ms coverage=0.989990234375
p7 chatbot-8128026-55: success=True valid=True TTFT=32158ms tokens=8192 TPOT=6.10ms coverage=0.9931640625
p4 chatbot-8128026-132: success=True valid=True TTFT=32507ms tokens=8192 TPOT=6.06ms coverage=0.990966796875
p7 chatbot-8128026-151: success=True valid=True TTFT=32841ms tokens=8192 TPOT=6.04ms coverage=0.990478515625
p15 chatbot-8128026-31: success=True valid=True TTFT=32677ms tokens=8192 TPOT=6.07ms coverage=0.9927978515625
p10 chatbot-8128026-186: success=True valid=True TTFT=33005ms tokens=8192 TPOT=6.03ms coverage=0.9906005859375
p12 chatbot-8128026-172: success=True valid=True TTFT=30678ms tokens=8192 TPOT=6.33ms coverage=0.9896240234375
p3 chatbot-8128026-147: success=True valid=True TTFT=33336ms tokens=8192 TPOT=6.02ms coverage=0.98974609375
p7 chatbot-8128026-167: success=True valid=True TTFT=31008ms tokens=8192 TPOT=6.32ms coverage=0.9896240234375
p15 chatbot-8128026-159: success=True valid=True TTFT=33666ms tokens=8192 TPOT=6.00ms coverage=0.9901123046875
p11 chatbot-8128026-155: success=True valid=True TTFT=31169ms tokens=8192 TPOT=6.31ms coverage=0.9893798828125
p3 chatbot-8128026-163: success=True valid=True TTFT=33835ms tokens=8192 TPOT=6.01ms coverage=0.9927978515625
p13 chatbot-8128026-125: success=True valid=True TTFT=31734ms tokens=8192 TPOT=6.28ms coverage=0.98974609375
p1 chatbot-8128026-49: success=True valid=True TTFT=34515ms tokens=8192 TPOT=5.95ms coverage=0.9906005859375
p11 chatbot-8128026-123: success=True valid=True TTFT=34171ms tokens=8192 TPOT=5.99ms coverage=0.9921875
p12 chatbot-8128026-140: success=True valid=True TTFT=31994ms tokens=8192 TPOT=6.27ms coverage=0.9901123046875
p4 chatbot-8128026-4: success=True valid=True TTFT=32332ms tokens=8192 TPOT=6.25ms coverage=0.989990234375
p9 chatbot-8128026-25: success=True valid=True TTFT=35450ms tokens=8192 TPOT=5.89ms coverage=0.99072265625
p14 chatbot-8128026-142: success=True valid=True TTFT=35278ms tokens=8192 TPOT=5.93ms coverage=0.9932861328125
p1 chatbot-8128026-129: success=True valid=True TTFT=35780ms tokens=8192 TPOT=5.87ms coverage=0.9903564453125
p8 chatbot-8128026-56: success=True valid=True TTFT=33170ms tokens=8192 TPOT=6.20ms coverage=0.9893798828125
p14 chatbot-8128026-94: success=True valid=True TTFT=35616ms tokens=8192 TPOT=5.91ms coverage=0.9925537109375
p2 chatbot-8128026-66: success=True valid=True TTFT=33508ms tokens=8192 TPOT=6.18ms coverage=0.9893798828125
p13 chatbot-8128026-141: success=True valid=True TTFT=35870ms tokens=8192 TPOT=5.89ms coverage=0.9927978515625
p11 chatbot-8128026-11: success=True valid=True TTFT=34006ms tokens=8192 TPOT=6.15ms coverage=0.989990234375
p5 chatbot-8128026-165: success=True valid=True TTFT=34345ms tokens=8192 TPOT=6.13ms coverage=0.9891357421875
p9 chatbot-8128026-73: success=True valid=True TTFT=35106ms tokens=8192 TPOT=6.08ms coverage=0.9898681640625
{
  "valid_measurements": 192,
  "requests": 192,
  "duration_s": 84.95158675400307,
  "output_throughput_tps": 18514.827798974384,
  "steady_decode_tps": 29365.907126404396,
  "ttft_ms_p50": 17736.310612002853,
  "tpot_ms_p50": 6.630349300269051,
  "itl_ms_p50": 6.4860687255859375,
  "itl_ms_p99": 8.988340377807617,
  "server_itl_ms_p50": 6.510228959496052,
  "itl_token_coverage": 0.9917894999186198
}
Results: pilots/20261001T164739Z-07292799
